Archive member included to satisfy reference by file (symbol)

c:/st/stm32cubeide_1.5.1/stm32cubeide/plugins/com.st.stm32cube.ide.mcu.externaltools.gnu-tools-for-stm32.7-2018-q2-update.win32_1.5.0.202011040924/tools/bin/../lib/gcc/arm-none-eabi/7.3.1/../../../../arm-none-eabi/lib/thumb/v7-m\libc_nano.a(lib_a-errno.o)
                              Core/Src/syscalls.o (__errno)
c:/st/stm32cubeide_1.5.1/stm32cubeide/plugins/com.st.stm32cube.ide.mcu.externaltools.gnu-tools-for-stm32.7-2018-q2-update.win32_1.5.0.202011040924/tools/bin/../lib/gcc/arm-none-eabi/7.3.1/../../../../arm-none-eabi/lib/thumb/v7-m\libc_nano.a(lib_a-exit.o)
                              c:/st/stm32cubeide_1.5.1/stm32cubeide/plugins/com.st.stm32cube.ide.mcu.externaltools.gnu-tools-for-stm32.7-2018-q2-update.win32_1.5.0.202011040924/tools/bin/../lib/gcc/arm-none-eabi/7.3.1/../../../../arm-none-eabi/lib/thumb/v7-m/crt0.o (exit)
c:/st/stm32cubeide_1.5.1/stm32cubeide/plugins/com.st.stm32cube.ide.mcu.externaltools.gnu-tools-for-stm32.7-2018-q2-update.win32_1.5.0.202011040924/tools/bin/../lib/gcc/arm-none-eabi/7.3.1/../../../../arm-none-eabi/lib/thumb/v7-m\libc_nano.a(lib_a-impure.o)
                              c:/st/stm32cubeide_1.5.1/stm32cubeide/plugins/com.st.stm32cube.ide.mcu.externaltools.gnu-tools-for-stm32.7-2018-q2-update.win32_1.5.0.202011040924/tools/bin/../lib/gcc/arm-none-eabi/7.3.1/../../../../arm-none-eabi/lib/thumb/v7-m\libc_nano.a(lib_a-exit.o) (_global_impure_ptr)
c:/st/stm32cubeide_1.5.1/stm32cubeide/plugins/com.st.stm32cube.ide.mcu.externaltools.gnu-tools-for-stm32.7-2018-q2-update.win32_1.5.0.202011040924/tools/bin/../lib/gcc/arm-none-eabi/7.3.1/../../../../arm-none-eabi/lib/thumb/v7-m\libc_nano.a(lib_a-init.o)
                              c:/st/stm32cubeide_1.5.1/stm32cubeide/plugins/com.st.stm32cube.ide.mcu.externaltools.gnu-tools-for-stm32.7-2018-q2-update.win32_1.5.0.202011040924/tools/bin/../lib/gcc/arm-none-eabi/7.3.1/../../../../arm-none-eabi/lib/thumb/v7-m/crt0.o (__libc_init_array)
c:/st/stm32cubeide_1.5.1/stm32cubeide/plugins/com.st.stm32cube.ide.mcu.externaltools.gnu-tools-for-stm32.7-2018-q2-update.win32_1.5.0.202011040924/tools/bin/../lib/gcc/arm-none-eabi/7.3.1/../../../../arm-none-eabi/lib/thumb/v7-m\libc_nano.a(lib_a-memset.o)
                              c:/st/stm32cubeide_1.5.1/stm32cubeide/plugins/com.st.stm32cube.ide.mcu.externaltools.gnu-tools-for-stm32.7-2018-q2-update.win32_1.5.0.202011040924/tools/bin/../lib/gcc/arm-none-eabi/7.3.1/../../../../arm-none-eabi/lib/thumb/v7-m/crt0.o (memset)
c:/st/stm32cubeide_1.5.1/stm32cubeide/plugins/com.st.stm32cube.ide.mcu.externaltools.gnu-tools-for-stm32.7-2018-q2-update.win32_1.5.0.202011040924/tools/bin/../lib/gcc/arm-none-eabi/7.3.1/../../../../arm-none-eabi/lib/thumb/v7-m\libc_nano.a(lib_a-sprintf.o)
                              Core/Src/main.o (sprintf)
c:/st/stm32cubeide_1.5.1/stm32cubeide/plugins/com.st.stm32cube.ide.mcu.externaltools.gnu-tools-for-stm32.7-2018-q2-update.win32_1.5.0.202011040924/tools/bin/../lib/gcc/arm-none-eabi/7.3.1/../../../../arm-none-eabi/lib/thumb/v7-m\libc_nano.a(lib_a-strlen.o)
                              Core/Src/main.o (strlen)
c:/st/stm32cubeide_1.5.1/stm32cubeide/plugins/com.st.stm32cube.ide.mcu.externaltools.gnu-tools-for-stm32.7-2018-q2-update.win32_1.5.0.202011040924/tools/bin/../lib/gcc/arm-none-eabi/7.3.1/../../../../arm-none-eabi/lib/thumb/v7-m\libc_nano.a(lib_a-nano-svfprintf.o)
                              c:/st/stm32cubeide_1.5.1/stm32cubeide/plugins/com.st.stm32cube.ide.mcu.externaltools.gnu-tools-for-stm32.7-2018-q2-update.win32_1.5.0.202011040924/tools/bin/../lib/gcc/arm-none-eabi/7.3.1/../../../../arm-none-eabi/lib/thumb/v7-m\libc_nano.a(lib_a-sprintf.o) (_svfprintf_r)
c:/st/stm32cubeide_1.5.1/stm32cubeide/plugins/com.st.stm32cube.ide.mcu.externaltools.gnu-tools-for-stm32.7-2018-q2-update.win32_1.5.0.202011040924/tools/bin/../lib/gcc/arm-none-eabi/7.3.1/../../../../arm-none-eabi/lib/thumb/v7-m\libc_nano.a(lib_a-nano-vfprintf_i.o)
                              c:/st/stm32cubeide_1.5.1/stm32cubeide/plugins/com.st.stm32cube.ide.mcu.externaltools.gnu-tools-for-stm32.7-2018-q2-update.win32_1.5.0.202011040924/tools/bin/../lib/gcc/arm-none-eabi/7.3.1/../../../../arm-none-eabi/lib/thumb/v7-m\libc_nano.a(lib_a-nano-svfprintf.o) (_printf_i)
c:/st/stm32cubeide_1.5.1/stm32cubeide/plugins/com.st.stm32cube.ide.mcu.externaltools.gnu-tools-for-stm32.7-2018-q2-update.win32_1.5.0.202011040924/tools/bin/../lib/gcc/arm-none-eabi/7.3.1/../../../../arm-none-eabi/lib/thumb/v7-m\libc_nano.a(lib_a-memchr-stub.o)
                              c:/st/stm32cubeide_1.5.1/stm32cubeide/plugins/com.st.stm32cube.ide.mcu.externaltools.gnu-tools-for-stm32.7-2018-q2-update.win32_1.5.0.202011040924/tools/bin/../lib/gcc/arm-none-eabi/7.3.1/../../../../arm-none-eabi/lib/thumb/v7-m\libc_nano.a(lib_a-nano-svfprintf.o) (memchr)
[...]
Memory Configuration

Name             Origin             Length             Attributes
RAM              0x0000000020000000 0x0000000000005000 xrw
FLASH            0x0000000008000000 0x0000000000010000 xr
*default*        0x0000000000000000 0xffffffffffffffff

Linker script and memory map

LOAD c:/st/stm32cubeide_1.5.1/stm32cubeide/plugins/com.st.stm32cube.ide.mcu.externaltools.gnu-tools-for-stm32.7-2018-q2-update.win32_1.5.0.202011040924/tools/bin/../lib/gcc/arm-none-eabi/7.3.1/thumb/v7-m/crti.o
LOAD c:/st/stm32cubeide_1.5.1/stm32cubeide/plugins/com.st.stm32cube.ide.mcu.externaltools.gnu-tools-for-stm32.7-2018-q2-update.win32_1.5.0.202011040924/tools/bin/../lib/gcc/arm-none-eabi/7.3.1/thumb/v7-m/crtbegin.o
LOAD c:/st/stm32cubeide_1.5.1/stm32cubeide/plugins/com.st.stm32cube.ide.mcu.externaltools.gnu-tools-for-stm32.7-2018-q2-update.win32_1.5.0.202011040924/tools/bin/../lib/gcc/arm-none-eabi/7.3.1/../../../../arm-none-eabi/lib/thumb/v7-m/crt0.o
LOAD Core/Src/main.o
LOAD Core/Src/stm32f1xx_hal_msp.o
LOAD Core/Src/stm32f1xx_it.o
LOAD Core/Src/syscalls.o
LOAD Core/Src/sysmem.o
LOAD Core/Src/system_stm32f1xx.o
LOAD Core/Startup/startup_stm32f103c8tx.o
LOAD Drivers/STM32F1xx_HAL_Driver/Src/stm32f1xx_hal.o
LOAD Drivers/STM32F1xx_HAL_Driver/Src/stm32f1xx_hal_adc.o
LOAD Drivers/STM32F1xx_HAL_Driver/Src/stm32f1xx_hal_adc_ex.o
LOAD Drivers/STM32F1xx_HAL_Driver/Src/stm32f1xx_hal_cortex.o
LOAD Drivers/STM32F1xx_HAL_Driver/Src/stm32f1xx_hal_dma.o
LOAD Drivers/STM32F1xx_HAL_Driver/Src/stm32f1xx_hal_exti.o
LOAD Drivers/STM32F1xx_HAL_Driver/Src/stm32f1xx_hal_flash.o
LOAD Drivers/STM32F1xx_HAL_Driver/Src/stm32f1xx_hal_flash_ex.o
LOAD Drivers/STM32F1xx_HAL_Driver/Src/stm32f1xx_hal_gpio.o
LOAD Drivers/STM32F1xx_HAL_Driver/Src/stm32f1xx_hal_gpio_ex.o
LOAD Drivers/STM32F1xx_HAL_Driver/Src/stm32f1xx_hal_pcd.o
LOAD Drivers/STM32F1xx_HAL_Driver/Src/stm32f1xx_hal_pcd_ex.o
LOAD Drivers/STM32F1xx_HAL_Driver/Src/stm32f1xx_hal_pwr.o
LOAD Drivers/STM32F1xx_HAL_Driver/Src/stm32f1xx_hal_rcc.o
LOAD Drivers/STM32F1xx_HAL_Driver/Src/stm32f1xx_hal_rcc_ex.o
LOAD Drivers/STM32F1xx_HAL_Driver/Src/stm32f1xx_hal_tim.o
LOAD Drivers/STM32F1xx_HAL_Driver/Src/stm32f1xx_hal_tim_ex.o
LOAD Drivers/STM32F1xx_HAL_Driver/Src/stm32f1xx_ll_usb.o
LOAD Middlewares/ST/STM32_USB_Device_Library/Class/CDC/Src/usbd_cdc.o
LOAD Middlewares/ST/STM32_USB_Device_Library/Core/Src/usbd_core.o
LOAD Middlewares/ST/STM32_USB_Device_Library/Core/Src/usbd_ctlreq.o
LOAD Middlewares/ST/STM32_USB_Device_Library/Core/Src/usbd_ioreq.o
LOAD USB_DEVICE/App/usb_device.o
LOAD USB_DEVICE/App/usbd_cdc_if.o
LOAD USB_DEVICE/App/usbd_desc.o
LOAD USB_DEVICE/Target/usbd_conf.o
START GROUP
LOAD c:/st/stm32cubeide_1.5.1/stm32cubeide/plugins/com.st.stm32cube.ide.mcu.externaltools.gnu-tools-for-stm32.7-2018-q2-update.win32_1.5.0.202011040924/tools/bin/../lib/gcc/arm-none-eabi/7.3.1/../../../../arm-none-eabi/lib/thumb/v7-m\libc_nano.a
LOAD c:/st/stm32cubeide_1.5.1/stm32cubeide/plugins/com.st.stm32cube.ide.mcu.externaltools.gnu-tools-for-stm32.7-2018-q2-update.win32_1.5.0.202011040924/tools/bin/../lib/gcc/arm-none-eabi/7.3.1/../../../../arm-none-eabi/lib/thumb/v7-m\libm.a
END GROUP
START GROUP
LOAD c:/st/stm32cubeide_1.5.1/stm32cubeide/plugins/com.st.stm32cube.ide.mcu.externaltools.gnu-tools-for-stm32.7-2018-q2-update.win32_1.5.0.202011040924/tools/bin/../lib/gcc/arm-none-eabi/7.3.1/thumb/v7-m\libgcc.a
LOAD c:/st/stm32cubeide_1.5.1/stm32cubeide/plugins/com.st.stm32cube.ide.mcu.externaltools.gnu-tools-for-stm32.7-2018-q2-update.win32_1.5.0.202011040924/tools/bin/../lib/gcc/arm-none-eabi/7.3.1/../../../../arm-none-eabi/lib/thumb/v7-m\libc_nano.a
END GROUP
START GROUP
LOAD c:/st/stm32cubeide_1.5.1/stm32cubeide/plugins/com.st.stm32cube.ide.mcu.externaltools.gnu-tools-for-stm32.7-2018-q2-update.win32_1.5.0.202011040924/tools/bin/../lib/gcc/arm-none-eabi/7.3.1/thumb/v7-m\libgcc.a
LOAD c:/st/stm32cubeide_1.5.1/stm32cubeide/plugins/com.st.stm32cube.ide.mcu.externaltools.gnu-tools-for-stm32.7-2018-q2-update.win32_1.5.0.202011040924/tools/bin/../lib/gcc/arm-none-eabi/7.3.1/../../../../arm-none-eabi/lib/thumb/v7-m\libc_nano.a
LOAD c:/st/stm32cubeide_1.5.1/stm32cubeide/plugins/com.st.stm32cube.ide.mcu.externaltools.gnu-tools-for-stm32.7-2018-q2-update.win32_1.5.0.202011040924/tools/bin/../lib/gcc/arm-none-eabi/7.3.1/../../../../arm-none-eabi/lib/thumb/v7-m\libnosys.a
END GROUP
START GROUP
LOAD c:/st/stm32cubeide_1.5.1/stm32cubeide/plugins/com.st.stm32cube.ide.mcu.externaltools.gnu-tools-for-stm32.7-2018-q2-update.win32_1.5.0.202011040924/tools/bin/../lib/gcc/arm-none-eabi/7.3.1/thumb/v7-m\libgcc.a
LOAD c:/st/stm32cubeide_1.5.1/stm32cubeide/plugins/com.st.stm32cube.ide.mcu.externaltools.gnu-tools-for-stm32.7-2018-q2-update.win32_1.5.0.202011040924/tools/bin/../lib/gcc/arm-none-eabi/7.3.1/../../../../arm-none-eabi/lib/thumb/v7-m\libc_nano.a
LOAD c:/st/stm32cubeide_1.5.1/stm32cubeide/plugins/com.st.stm32cube.ide.mcu.externaltools.gnu-tools-for-stm32.7-2018-q2-update.win32_1.5.0.202011040924/tools/bin/../lib/gcc/arm-none-eabi/7.3.1/../../../../arm-none-eabi/lib/thumb/v7-m\libnosys.a
END GROUP
LOAD c:/st/stm32cubeide_1.5.1/stm32cubeide/plugins/com.st.stm32cube.ide.mcu.externaltools.gnu-tools-for-stm32.7-2018-q2-update.win32_1.5.0.202011040924/tools/bin/../lib/gcc/arm-none-eabi/7.3.1/thumb/v7-m/crtend.o
LOAD c:/st/stm32cubeide_1.5.1/stm32cubeide/plugins/com.st.stm32cube.ide.mcu.externaltools.gnu-tools-for-stm32.7-2018-q2-update.win32_1.5.0.202011040924/tools/bin/../lib/gcc/arm-none-eabi/7.3.1/thumb/v7-m/crtn.o
                0x0000000020005000                _estack = (ORIGIN (RAM) + LENGTH (RAM))
                0x0000000000000200                _Min_Heap_Size = 0x200
                0x0000000000000400                _Min_Stack_Size = 0x400

.isr_vector     0x0000000008000000      0x10c
                0x0000000008000000                . = ALIGN (0x4)
 *(.isr_vector)
 .isr_vector    0x0000000008000000      0x10c Core/Startup/startup_stm32f103c8tx.o
                0x0000000008000000                g_pfnVectors
                0x000000000800010c                . = ALIGN (0x4)

.text           0x000000000800010c     0x8664
                0x000000000800010c                . = ALIGN (0x4)
 *(.text)
 .text          0x000000000800010c       0x40 c:/st/stm32cubeide_1.5.1/stm32cubeide/plugins/com.st.stm32cube.ide.mcu.externaltools.gnu-tools-for-stm32.7-2018-q2-update.win32_1.5.0.202011040924/tools/bin/../lib/gcc/arm-none-eabi/7.3.1/thumb/v7-m/crtbegin.o
 .text          0x000000000800014c       0x10 c:/st/stm32cubeide_1.5.1/stm32cubeide/plugins/com.st.stm32cube.ide.mcu.externaltools.gnu-tools-for-stm32.7-2018-q2-update.win32_1.5.0.202011040924/tools/bin/../lib/gcc/arm-none-eabi/7.3.1/../../../../arm-none-eabi/lib/thumb/v7-m\libc_nano.a(lib_a-strlen.o)
                0x000000000800014c                strlen
 *(.text*)
 .text.main     0x000000000800015c       0xfc Core/Src/main.o
                0x000000000800015c                main
 .text.SystemClock_Config
                0x0000000008000258       0xbc Core/Src/main.o
                0x0000000008000258                SystemClock_Config
 .text.MX_ADC1_Init
                0x0000000008000314       0x7c Core/Src/main.o
 .text.MX_GPIO_Init
                0x0000000008000390       0x70 Core/Src/main.o
 .text.calcularMediaMovel
                0x0000000008000400       0x88 Core/Src/main.o
                0x0000000008000400                calcularMediaMovel
 .text.Error_Handler
                0x0000000008000488        0x8 Core/Src/main.o
                0x0000000008000488                Error_Handler
 .text.HAL_MspInit
                0x0000000008000490       0x64 Core/Src/stm32f1xx_hal_msp.o
                0x0000000008000490                HAL_MspInit
 .text.HAL_ADC_MspInit
                0x00000000080004f4       0x78 Core/Src/stm32f1xx_hal_msp.o
                0x00000000080004f4                HAL_ADC_MspInit
 .text.NMI_Handler
                0x000000000800056c        0x6 Core/Src/stm32f1xx_it.o
                0x000000000800056c                NMI_Handler
 .text.HardFault_Handler
                0x0000000008000572        0x6 Core/Src/stm32f1xx_it.o
                0x0000000008000572                HardFault_Handler
 .text.MemManage_Handler
                0x0000000008000578        0x6 Core/Src/stm32f1xx_it.o
                0x0000000008000578                MemManage_Handler
 .text.BusFault_Handler
                0x000000000800057e        0x6 Core/Src/stm32f1xx_it.o
                0x000000000800057e                BusFault_Handler
 .text.UsageFault_Handler
                0x0000000008000584        0x6 Core/Src/stm32f1xx_it.o
                0x0000000008000584                UsageFault_Handler
 .text.SVC_Handler
                0x000000000800058a        0xc Core/Src/stm32f1xx_it.o
                0x000000000800058a                SVC_Handler
 .text.DebugMon_Handler
                0x0000000008000596        0xc Core/Src/stm32f1xx_it.o
                0x0000000008000596                DebugMon_Handler
 .text.PendSV_Handler
                0x00000000080005a2        0xc Core/Src/stm32f1xx_it.o
                0x00000000080005a2                PendSV_Handler
 .text.SysTick_Handler
                0x00000000080005ae        0xc Core/Src/stm32f1xx_it.o
                0x00000000080005ae                SysTick_Handler
 *fill*         0x00000000080005ba        0x2 
 .text.USB_LP_CAN1_RX0_IRQHandler
                0x00000000080005bc       0x14 Core/Src/stm32f1xx_it.o
                0x00000000080005bc                USB_LP_CAN1_RX0_IRQHandler
 .text._sbrk    0x00000000080005d0       0x6c Core/Src/sysmem.o
                0x00000000080005d0                _sbrk
 .text.SystemInit
                0x000000000800063c        0xc Core/Src/system_stm32f1xx.o
                0x000000000800063c                SystemInit
 .text.Reset_Handler
                0x0000000008000648       0x48 Core/Startup/startup_stm32f103c8tx.o
                0x0000000008000648                Reset_Handler
 .text.Default_Handler
                0x0000000008000690        0x2 Core/Startup/startup_stm32f103c8tx.o
                0x0000000008000690                RTC_Alarm_IRQHandler
                0x0000000008000690                EXTI2_IRQHandler
                0x0000000008000690                TIM1_CC_IRQHandler
                0x0000000008000690                PVD_IRQHandler
                0x0000000008000690                EXTI3_IRQHandler
                0x0000000008000690                EXTI0_IRQHandler
                0x0000000008000690                I2C2_EV_IRQHandler
                0x0000000008000690                ADC1_2_IRQHandler
                0x0000000008000690                SPI1_IRQHandler
                0x0000000008000690                TAMPER_IRQHandler
                0x0000000008000690                DMA1_Channel4_IRQHandler
                0x0000000008000690                USART3_IRQHandler
                0x0000000008000690                RTC_IRQHandler
                0x0000000008000690                DMA1_Channel7_IRQHandler
                0x0000000008000690                CAN1_RX1_IRQHandler
                0x0000000008000690                TIM4_IRQHandler
                0x0000000008000690                I2C1_EV_IRQHandler
                0x0000000008000690                DMA1_Channel6_IRQHandler
                0x0000000008000690                TIM3_IRQHandler
                0x0000000008000690                RCC_IRQHandler
                0x0000000008000690                TIM1_TRG_COM_IRQHandler
                0x0000000008000690                DMA1_Channel1_IRQHandler
                0x0000000008000690                Default_Handler
                0x0000000008000690                EXTI15_10_IRQHandler
                0x0000000008000690                EXTI9_5_IRQHandler
                0x0000000008000690                SPI2_IRQHandler
                0x0000000008000690                DMA1_Channel5_IRQHandler
                0x0000000008000690                EXTI4_IRQHandler
                0x0000000008000690                USB_HP_CAN1_TX_IRQHandler
                0x0000000008000690                DMA1_Channel3_IRQHandler
                0x0000000008000690                TIM1_UP_IRQHandler
                0x0000000008000690                WWDG_IRQHandler
                0x0000000008000690                TIM2_IRQHandler
                0x0000000008000690                TIM1_BRK_IRQHandler
                0x0000000008000690                EXTI1_IRQHandler
                0x0000000008000690                USART2_IRQHandler
                0x0000000008000690                I2C2_ER_IRQHandler
                0x0000000008000690                DMA1_Channel2_IRQHandler
                0x0000000008000690                CAN1_SCE_IRQHandler
                0x0000000008000690                FLASH_IRQHandler
                0x0000000008000690                USART1_IRQHandler
                0x0000000008000690                I2C1_ER_IRQHandler
                0x0000000008000690                USBWakeUp_IRQHandler
 *fill*         0x0000000008000692        0x2 
 .text.HAL_Init
                0x0000000008000694       0x2c Drivers/STM32F1xx_HAL_Driver/Src/stm32f1xx_hal.o
                0x0000000008000694                HAL_Init
 .text.HAL_InitTick
                0x00000000080006c0       0x60 Drivers/STM32F1xx_HAL_Driver/Src/stm32f1xx_hal.o
                0x00000000080006c0                HAL_InitTick
 .text.HAL_IncTick
                0x0000000008000720       0x24 Drivers/STM32F1xx_HAL_Driver/Src/stm32f1xx_hal.o
                0x0000000008000720                HAL_IncTick
 .text.HAL_GetTick
                0x0000000008000744       0x14 Drivers/STM32F1xx_HAL_Driver/Src/stm32f1xx_hal.o
                0x0000000008000744                HAL_GetTick
 .text.HAL_Delay
                0x0000000008000758       0x44 Drivers/STM32F1xx_HAL_Driver/Src/stm32f1xx_hal.o
                0x0000000008000758                HAL_Delay
 .text.HAL_ADC_Init
                0x000000000800079c      0x1b0 Drivers/STM32F1xx_HAL_Driver/Src/stm32f1xx_hal_adc.o
                0x000000000800079c                HAL_ADC_Init
 .text.HAL_ADC_Start
                0x000000000800094c      0x15c Drivers/STM32F1xx_HAL_Driver/Src/stm32f1xx_hal_adc.o
                0x000000000800094c                HAL_ADC_Start
 .text.HAL_ADC_Stop
                0x0000000008000aa8       0x58 Drivers/STM32F1xx_HAL_Driver/Src/stm32f1xx_hal_adc.o
                0x0000000008000aa8                HAL_ADC_Stop
 .text.HAL_ADC_PollForConversion
                0x0000000008000b00      0x20c Drivers/STM32F1xx_HAL_Driver/Src/stm32f1xx_hal_adc.o
                0x0000000008000b00                HAL_ADC_PollForConversion
 .text.HAL_ADC_GetValue
                0x0000000008000d0c       0x18 Drivers/STM32F1xx_HAL_Driver/Src/stm32f1xx_hal_adc.o
                0x0000000008000d0c                HAL_ADC_GetValue
 .text.HAL_ADC_ConfigChannel
                0x0000000008000d24      0x1f0 Drivers/STM32F1xx_HAL_Driver/Src/stm32f1xx_hal_adc.o
                0x0000000008000d24                HAL_ADC_ConfigChannel
 .text.ADC_Enable
                0x0000000008000f14       0xb4 Drivers/STM32F1xx_HAL_Driver/Src/stm32f1xx_hal_adc.o
                0x0000000008000f14                ADC_Enable
 .text.ADC_ConversionStop_Disable
                0x0000000008000fc8       0x82 Drivers/STM32F1xx_HAL_Driver/Src/stm32f1xx_hal_adc.o
                0x0000000008000fc8                ADC_ConversionStop_Disable
 *fill*         0x000000000800104a        0x2 
 .text.__NVIC_SetPriorityGrouping
                0x000000000800104c       0x48 Drivers/STM32F1xx_HAL_Driver/Src/stm32f1xx_hal_cortex.o
 .text.__NVIC_GetPriorityGrouping
                0x0000000008001094       0x1c Drivers/STM32F1xx_HAL_Driver/Src/stm32f1xx_hal_cortex.o
 .text.__NVIC_EnableIRQ
                0x00000000080010b0       0x38 Drivers/STM32F1xx_HAL_Driver/Src/stm32f1xx_hal_cortex.o
 .text.__NVIC_SetPriority
                0x00000000080010e8       0x54 Drivers/STM32F1xx_HAL_Driver/Src/stm32f1xx_hal_cortex.o
 .text.NVIC_EncodePriority
                0x000000000800113c       0x64 Drivers/STM32F1xx_HAL_Driver/Src/stm32f1xx_hal_cortex.o
 .text.SysTick_Config
                0x00000000080011a0       0x44 Drivers/STM32F1xx_HAL_Driver/Src/stm32f1xx_hal_cortex.o
 .text.HAL_NVIC_SetPriorityGrouping
                0x00000000080011e4       0x16 Drivers/STM32F1xx_HAL_Driver/Src/stm32f1xx_hal_cortex.o
                0x00000000080011e4                HAL_NVIC_SetPriorityGrouping
 .text.HAL_NVIC_SetPriority
                0x00000000080011fa       0x38 Drivers/STM32F1xx_HAL_Driver/Src/stm32f1xx_hal_cortex.o
                0x00000000080011fa                HAL_NVIC_SetPriority
 .text.HAL_NVIC_EnableIRQ
                0x0000000008001232       0x1c Drivers/STM32F1xx_HAL_Driver/Src/stm32f1xx_hal_cortex.o
                0x0000000008001232                HAL_NVIC_EnableIRQ
 .text.HAL_SYSTICK_Config
                0x000000000800124e       0x18 Drivers/STM32F1xx_HAL_Driver/Src/stm32f1xx_hal_cortex.o
                0x000000000800124e                HAL_SYSTICK_Config
 *fill*         0x0000000008001266        0x2 
 .text.HAL_GPIO_Init
                0x0000000008001268      0x2b4 Drivers/STM32F1xx_HAL_Driver/Src/stm32f1xx_hal_gpio.o
                0x0000000008001268                HAL_GPIO_Init
 .text.HAL_GPIO_ReadPin
                0x000000000800151c       0x2e Drivers/STM32F1xx_HAL_Driver/Src/stm32f1xx_hal_gpio.o
                0x000000000800151c                HAL_GPIO_ReadPin
 .text.HAL_PCD_Init
                0x000000000800154a      0x216 Drivers/STM32F1xx_HAL_Driver/Src/stm32f1xx_hal_pcd.o
                0x000000000800154a                HAL_PCD_Init
 .text.HAL_PCD_Start
                0x0000000008001760       0x4c Drivers/STM32F1xx_HAL_Driver/Src/stm32f1xx_hal_pcd.o
                0x0000000008001760                HAL_PCD_Start
 .text.HAL_PCD_IRQHandler
                0x00000000080017ac      0x2aa Drivers/STM32F1xx_HAL_Driver/Src/stm32f1xx_hal_pcd.o
                0x00000000080017ac                HAL_PCD_IRQHandler
 .text.HAL_PCD_SetAddress
                0x0000000008001a56       0x4a Drivers/STM32F1xx_HAL_Driver/Src/stm32f1xx_hal_pcd.o
                0x0000000008001a56                HAL_PCD_SetAddress
 .text.HAL_PCD_EP_Open
                0x0000000008001aa0       0xcc Drivers/STM32F1xx_HAL_Driver/Src/stm32f1xx_hal_pcd.o
                0x0000000008001aa0                HAL_PCD_EP_Open
 .text.HAL_PCD_EP_Close
                0x0000000008001b6c       0x90 Drivers/STM32F1xx_HAL_Driver/Src/stm32f1xx_hal_pcd.o
                0x0000000008001b6c                HAL_PCD_EP_Close
 .text.HAL_PCD_EP_Receive
                0x0000000008001bfc       0x7a Drivers/STM32F1xx_HAL_Driver/Src/stm32f1xx_hal_pcd.o
                0x0000000008001bfc                HAL_PCD_EP_Receive
 .text.HAL_PCD_EP_GetRxCount
                0x0000000008001c76       0x2e Drivers/STM32F1xx_HAL_Driver/Src/stm32f1xx_hal_pcd.o
                0x0000000008001c76                HAL_PCD_EP_GetRxCount
 .text.HAL_PCD_EP_Transmit
                0x0000000008001ca4       0x86 Drivers/STM32F1xx_HAL_Driver/Src/stm32f1xx_hal_pcd.o
                0x0000000008001ca4                HAL_PCD_EP_Transmit
 .text.HAL_PCD_EP_SetStall
                0x0000000008001d2a       0xc0 Drivers/STM32F1xx_HAL_Driver/Src/stm32f1xx_hal_pcd.o
                0x0000000008001d2a                HAL_PCD_EP_SetStall
 .text.HAL_PCD_EP_ClrStall
                0x0000000008001dea       0xa8 Drivers/STM32F1xx_HAL_Driver/Src/stm32f1xx_hal_pcd.o
                0x0000000008001dea                HAL_PCD_EP_ClrStall
 .text.PCD_EP_ISR_Handler
                0x0000000008001e92      0x600 Drivers/STM32F1xx_HAL_Driver/Src/stm32f1xx_hal_pcd.o
 .text.HAL_PCD_EP_DB_Receive
                0x0000000008002492      0x21a Drivers/STM32F1xx_HAL_Driver/Src/stm32f1xx_hal_pcd.o
 .text.HAL_PCD_EP_DB_Transmit
                0x00000000080026ac      0x79e Drivers/STM32F1xx_HAL_Driver/Src/stm32f1xx_hal_pcd.o
 .text.HAL_PCDEx_PMAConfig
                0x0000000008002e4a       0x84 Drivers/STM32F1xx_HAL_Driver/Src/stm32f1xx_hal_pcd_ex.o
                0x0000000008002e4a                HAL_PCDEx_PMAConfig
 *fill*         0x0000000008002ece        0x2 
 .text.HAL_RCC_OscConfig
                0x0000000008002ed0      0x500 Drivers/STM32F1xx_HAL_Driver/Src/stm32f1xx_hal_rcc.o
                0x0000000008002ed0                HAL_RCC_OscConfig
 .text.HAL_RCC_ClockConfig
                0x00000000080033d0      0x1d4 Drivers/STM32F1xx_HAL_Driver/Src/stm32f1xx_hal_rcc.o
                0x00000000080033d0                HAL_RCC_ClockConfig
 .text.HAL_RCC_GetSysClockFreq
                0x00000000080035a4       0xc4 Drivers/STM32F1xx_HAL_Driver/Src/stm32f1xx_hal_rcc.o
                0x00000000080035a4                HAL_RCC_GetSysClockFreq
 .text.HAL_RCC_GetHCLKFreq
                0x0000000008003668       0x14 Drivers/STM32F1xx_HAL_Driver/Src/stm32f1xx_hal_rcc.o
                0x0000000008003668                HAL_RCC_GetHCLKFreq
 .text.HAL_RCC_GetPCLK2Freq
                0x000000000800367c       0x28 Drivers/STM32F1xx_HAL_Driver/Src/stm32f1xx_hal_rcc.o
                0x000000000800367c                HAL_RCC_GetPCLK2Freq
 .text.RCC_Delay
                0x00000000080036a4       0x3c Drivers/STM32F1xx_HAL_Driver/Src/stm32f1xx_hal_rcc.o
 .text.HAL_RCCEx_PeriphCLKConfig
                0x00000000080036e0      0x16c Drivers/STM32F1xx_HAL_Driver/Src/stm32f1xx_hal_rcc_ex.o
                0x00000000080036e0                HAL_RCCEx_PeriphCLKConfig
 .text.HAL_RCCEx_GetPeriphCLKFreq
                0x000000000800384c      0x178 Drivers/STM32F1xx_HAL_Driver/Src/stm32f1xx_hal_rcc_ex.o
                0x000000000800384c                HAL_RCCEx_GetPeriphCLKFreq
 .text.USB_CoreInit
                0x00000000080039c4       0x20 Drivers/STM32F1xx_HAL_Driver/Src/stm32f1xx_ll_usb.o
                0x00000000080039c4                USB_CoreInit
 .text.USB_EnableGlobalInt
                0x00000000080039e4       0x2c Drivers/STM32F1xx_HAL_Driver/Src/stm32f1xx_ll_usb.o
                0x00000000080039e4                USB_EnableGlobalInt
 .text.USB_DisableGlobalInt
                0x0000000008003a10       0x34 Drivers/STM32F1xx_HAL_Driver/Src/stm32f1xx_ll_usb.o
                0x0000000008003a10                USB_DisableGlobalInt
 .text.USB_SetCurrentMode
                0x0000000008003a44       0x18 Drivers/STM32F1xx_HAL_Driver/Src/stm32f1xx_ll_usb.o
                0x0000000008003a44                USB_SetCurrentMode
 .text.USB_DevInit
                0x0000000008003a5c       0x40 Drivers/STM32F1xx_HAL_Driver/Src/stm32f1xx_ll_usb.o
                0x0000000008003a5c                USB_DevInit
 .text.USB_ActivateEndpoint
                0x0000000008003a9c      0x6d4 Drivers/STM32F1xx_HAL_Driver/Src/stm32f1xx_ll_usb.o
                0x0000000008003a9c                USB_ActivateEndpoint
 .text.USB_DeactivateEndpoint
                0x0000000008004170      0x3d8 Drivers/STM32F1xx_HAL_Driver/Src/stm32f1xx_ll_usb.o
                0x0000000008004170                USB_DeactivateEndpoint
 .text.USB_EPStartXfer
                0x0000000008004548     0x15ee Drivers/STM32F1xx_HAL_Driver/Src/stm32f1xx_ll_usb.o
                0x0000000008004548                USB_EPStartXfer
 .text.USB_EPSetStall
                0x0000000008005b36       0xa0 Drivers/STM32F1xx_HAL_Driver/Src/stm32f1xx_ll_usb.o
                0x0000000008005b36                USB_EPSetStall
 .text.USB_EPClearStall
                0x0000000008005bd6      0x15a Drivers/STM32F1xx_HAL_Driver/Src/stm32f1xx_ll_usb.o
                0x0000000008005bd6                USB_EPClearStall
 .text.USB_SetDevAddress
                0x0000000008005d30       0x26 Drivers/STM32F1xx_HAL_Driver/Src/stm32f1xx_ll_usb.o
                0x0000000008005d30                USB_SetDevAddress
 .text.USB_DevConnect
                0x0000000008005d56       0x14 Drivers/STM32F1xx_HAL_Driver/Src/stm32f1xx_ll_usb.o
                0x0000000008005d56                USB_DevConnect
 .text.USB_DevDisconnect
                0x0000000008005d6a       0x14 Drivers/STM32F1xx_HAL_Driver/Src/stm32f1xx_ll_usb.o
                0x0000000008005d6a                USB_DevDisconnect
 .text.USB_ReadInterrupts
                0x0000000008005d7e       0x1e Drivers/STM32F1xx_HAL_Driver/Src/stm32f1xx_ll_usb.o
                0x0000000008005d7e                USB_ReadInterrupts
 .text.USB_EP0_OutStart
                0x0000000008005d9c       0x16 Drivers/STM32F1xx_HAL_Driver/Src/stm32f1xx_ll_usb.o
                0x0000000008005d9c                USB_EP0_OutStart
 .text.USB_WritePMA
                0x0000000008005db2       0x88 Drivers/STM32F1xx_HAL_Driver/Src/stm32f1xx_ll_usb.o
                0x0000000008005db2                USB_WritePMA
 .text.USB_ReadPMA
                0x0000000008005e3a       0x9e Drivers/STM32F1xx_HAL_Driver/Src/stm32f1xx_ll_usb.o
                0x0000000008005e3a                USB_ReadPMA
 .text.USBD_CDC_Init
                0x0000000008005ed8       0xf4 Middlewares/ST/STM32_USB_Device_Library/Class/CDC/Src/usbd_cdc.o
 .text.USBD_CDC_DeInit
                0x0000000008005fcc       0x6e Middlewares/ST/STM32_USB_Device_Library/Class/CDC/Src/usbd_cdc.o
 .text.USBD_CDC_Setup
                0x000000000800603a      0x140 Middlewares/ST/STM32_USB_Device_Library/Class/CDC/Src/usbd_cdc.o
 .text.USBD_CDC_DataIn
                0x000000000800617a       0xa6 Middlewares/ST/STM32_USB_Device_Library/Class/CDC/Src/usbd_cdc.o
 .text.USBD_CDC_DataOut
                0x0000000008006220       0x56 Middlewares/ST/STM32_USB_Device_Library/Class/CDC/Src/usbd_cdc.o
 .text.USBD_CDC_EP0_RxReady
                0x0000000008006276       0x50 Middlewares/ST/STM32_USB_Device_Library/Class/CDC/Src/usbd_cdc.o
 *fill*         0x00000000080062c6        0x2 
 .text.USBD_CDC_GetFSCfgDesc
                0x00000000080062c8       0x20 Middlewares/ST/STM32_USB_Device_Library/Class/CDC/Src/usbd_cdc.o
 .text.USBD_CDC_GetHSCfgDesc
                0x00000000080062e8       0x20 Middlewares/ST/STM32_USB_Device_Library/Class/CDC/Src/usbd_cdc.o
 .text.USBD_CDC_GetOtherSpeedCfgDesc
                0x0000000008006308       0x20 Middlewares/ST/STM32_USB_Device_Library/Class/CDC/Src/usbd_cdc.o
 .text.USBD_CDC_GetDeviceQualifierDescriptor
                0x0000000008006328       0x20 Middlewares/ST/STM32_USB_Device_Library/Class/CDC/Src/usbd_cdc.o
                0x0000000008006328                USBD_CDC_GetDeviceQualifierDescriptor
 .text.USBD_CDC_RegisterInterface
                0x0000000008006348       0x2c Middlewares/ST/STM32_USB_Device_Library/Class/CDC/Src/usbd_cdc.o
                0x0000000008006348                USBD_CDC_RegisterInterface
 .text.USBD_CDC_SetTxBuffer
                0x0000000008006374       0x32 Middlewares/ST/STM32_USB_Device_Library/Class/CDC/Src/usbd_cdc.o
                0x0000000008006374                USBD_CDC_SetTxBuffer
 .text.USBD_CDC_SetRxBuffer
                0x00000000080063a6       0x26 Middlewares/ST/STM32_USB_Device_Library/Class/CDC/Src/usbd_cdc.o
                0x00000000080063a6                USBD_CDC_SetRxBuffer
 .text.USBD_CDC_TransmitPacket
                0x00000000080063cc       0x5e Middlewares/ST/STM32_USB_Device_Library/Class/CDC/Src/usbd_cdc.o
                0x00000000080063cc                USBD_CDC_TransmitPacket
 .text.USBD_CDC_ReceivePacket
                0x000000000800642a       0x54 Middlewares/ST/STM32_USB_Device_Library/Class/CDC/Src/usbd_cdc.o
                0x000000000800642a                USBD_CDC_ReceivePacket
 .text.USBD_Init
                0x000000000800647e       0x56 Middlewares/ST/STM32_USB_Device_Library/Core/Src/usbd_core.o
                0x000000000800647e                USBD_Init
 .text.USBD_RegisterClass
                0x00000000080064d4       0x32 Middlewares/ST/STM32_USB_Device_Library/Core/Src/usbd_core.o
                0x00000000080064d4                USBD_RegisterClass
 .text.USBD_Start
                0x0000000008006506       0x18 Middlewares/ST/STM32_USB_Device_Library/Core/Src/usbd_core.o
                0x0000000008006506                USBD_Start
 .text.USBD_RunTestMode
                0x000000000800651e       0x14 Middlewares/ST/STM32_USB_Device_Library/Core/Src/usbd_core.o
                0x000000000800651e                USBD_RunTestMode
 .text.USBD_SetClassConfig
                0x0000000008006532       0x3e Middlewares/ST/STM32_USB_Device_Library/Core/Src/usbd_core.o
                0x0000000008006532                USBD_SetClassConfig
 .text.USBD_ClrClassConfig
                0x0000000008006570       0x26 Middlewares/ST/STM32_USB_Device_Library/Core/Src/usbd_core.o
                0x0000000008006570                USBD_ClrClassConfig
 .text.USBD_LL_SetupStage
                0x0000000008006596       0x96 Middlewares/ST/STM32_USB_Device_Library/Core/Src/usbd_core.o
                0x0000000008006596                USBD_LL_SetupStage
 .text.USBD_LL_DataOutStage
                0x000000000800662c       0xe2 Middlewares/ST/STM32_USB_Device_Library/Core/Src/usbd_core.o
                0x000000000800662c                USBD_LL_DataOutStage
 .text.USBD_LL_DataInStage
                0x000000000800670e      0x14a Middlewares/ST/STM32_USB_Device_Library/Core/Src/usbd_core.o
                0x000000000800670e                USBD_LL_DataInStage
 .text.USBD_LL_Reset
                0x0000000008006858       0x82 Middlewares/ST/STM32_USB_Device_Library/Core/Src/usbd_core.o
                0x0000000008006858                USBD_LL_Reset
 .text.USBD_LL_SetSpeed
                0x00000000080068da       0x1e Middlewares/ST/STM32_USB_Device_Library/Core/Src/usbd_core.o
                0x00000000080068da                USBD_LL_SetSpeed
 .text.USBD_LL_Suspend
                0x00000000080068f8       0x28 Middlewares/ST/STM32_USB_Device_Library/Core/Src/usbd_core.o
                0x00000000080068f8                USBD_LL_Suspend
 .text.USBD_LL_Resume
                0x0000000008006920       0x2a Middlewares/ST/STM32_USB_Device_Library/Core/Src/usbd_core.o
                0x0000000008006920                USBD_LL_Resume
 .text.USBD_LL_SOF
                0x000000000800694a       0x34 Middlewares/ST/STM32_USB_Device_Library/Core/Src/usbd_core.o
                0x000000000800694a                USBD_LL_SOF
 *fill*         0x000000000800697e        0x2 
 .text.USBD_StdDevReq
                0x0000000008006980       0xd4 Middlewares/ST/STM32_USB_Device_Library/Core/Src/usbd_ctlreq.o
                0x0000000008006980                USBD_StdDevReq
 .text.USBD_StdItfReq
                0x0000000008006a54       0x8c Middlewares/ST/STM32_USB_Device_Library/Core/Src/usbd_ctlreq.o
                0x0000000008006a54                USBD_StdItfReq
 .text.USBD_StdEPReq
                0x0000000008006ae0      0x2ba Middlewares/ST/STM32_USB_Device_Library/Core/Src/usbd_ctlreq.o
                0x0000000008006ae0                USBD_StdEPReq
 *fill*         0x0000000008006d9a        0x2 
 .text.USBD_GetDescriptor
                0x0000000008006d9c      0x2d0 Middlewares/ST/STM32_USB_Device_Library/Core/Src/usbd_ctlreq.o
 .text.USBD_SetAddress
                0x000000000800706c       0x84 Middlewares/ST/STM32_USB_Device_Library/Core/Src/usbd_ctlreq.o
 .text.USBD_SetConfig
                0x00000000080070f0      0x11c Middlewares/ST/STM32_USB_Device_Library/Core/Src/usbd_ctlreq.o
 .text.USBD_GetConfig
                0x000000000800720c       0x68 Middlewares/ST/STM32_USB_Device_Library/Core/Src/usbd_ctlreq.o
 .text.USBD_GetStatus
                0x0000000008007274       0x66 Middlewares/ST/STM32_USB_Device_Library/Core/Src/usbd_ctlreq.o
 .text.USBD_SetFeature
                0x00000000080072da       0x28 Middlewares/ST/STM32_USB_Device_Library/Core/Src/usbd_ctlreq.o
 .text.USBD_ClrFeature
                0x0000000008007302       0x42 Middlewares/ST/STM32_USB_Device_Library/Core/Src/usbd_ctlreq.o
 .text.USBD_ParseSetupRequest
                0x0000000008007344       0x78 Middlewares/ST/STM32_USB_Device_Library/Core/Src/usbd_ctlreq.o
                0x0000000008007344                USBD_ParseSetupRequest
 .text.USBD_CtlError
                0x00000000080073bc       0x22 Middlewares/ST/STM32_USB_Device_Library/Core/Src/usbd_ctlreq.o
                0x00000000080073bc                USBD_CtlError
 .text.USBD_GetString
                0x00000000080073de       0x84 Middlewares/ST/STM32_USB_Device_Library/Core/Src/usbd_ctlreq.o
                0x00000000080073de                USBD_GetString
 .text.USBD_GetLen
                0x0000000008007462       0x2e Middlewares/ST/STM32_USB_Device_Library/Core/Src/usbd_ctlreq.o
 .text.USBD_CtlSendData
                0x0000000008007490       0x38 Middlewares/ST/STM32_USB_Device_Library/Core/Src/usbd_ioreq.o
                0x0000000008007490                USBD_CtlSendData
 .text.USBD_CtlContinueSendData
                0x00000000080074c8       0x24 Middlewares/ST/STM32_USB_Device_Library/Core/Src/usbd_ioreq.o
                0x00000000080074c8                USBD_CtlContinueSendData
 .text.USBD_CtlPrepareRx
                0x00000000080074ec       0x3c Middlewares/ST/STM32_USB_Device_Library/Core/Src/usbd_ioreq.o
                0x00000000080074ec                USBD_CtlPrepareRx
 .text.USBD_CtlContinueRx
                0x0000000008007528       0x24 Middlewares/ST/STM32_USB_Device_Library/Core/Src/usbd_ioreq.o
                0x0000000008007528                USBD_CtlContinueRx
 .text.USBD_CtlSendStatus
                0x000000000800754c       0x26 Middlewares/ST/STM32_USB_Device_Library/Core/Src/usbd_ioreq.o
                0x000000000800754c                USBD_CtlSendStatus
 .text.USBD_CtlReceiveStatus
                0x0000000008007572       0x26 Middlewares/ST/STM32_USB_Device_Library/Core/Src/usbd_ioreq.o
                0x0000000008007572                USBD_CtlReceiveStatus
 .text.MX_USB_DEVICE_Init
                0x0000000008007598       0x60 USB_DEVICE/App/usb_device.o
                0x0000000008007598                MX_USB_DEVICE_Init
 .text.CDC_Init_FS
                0x00000000080075f8       0x28 USB_DEVICE/App/usbd_cdc_if.o
 .text.CDC_DeInit_FS
                0x0000000008007620        0xe USB_DEVICE/App/usbd_cdc_if.o
 *fill*         0x000000000800762e        0x2 
 .text.CDC_Control_FS
                0x0000000008007630       0xbc USB_DEVICE/App/usbd_cdc_if.o
 .text.CDC_Receive_FS
                0x00000000080076ec       0x28 USB_DEVICE/App/usbd_cdc_if.o
 .text.CDC_Transmit_FS
                0x0000000008007714       0x4c USB_DEVICE/App/usbd_cdc_if.o
                0x0000000008007714                CDC_Transmit_FS
 .text.USBD_FS_DeviceDescriptor
                0x0000000008007760       0x24 USB_DEVICE/App/usbd_desc.o
                0x0000000008007760                USBD_FS_DeviceDescriptor
 .text.USBD_FS_LangIDStrDescriptor
                0x0000000008007784       0x24 USB_DEVICE/App/usbd_desc.o
                0x0000000008007784                USBD_FS_LangIDStrDescriptor
 .text.USBD_FS_ProductStrDescriptor
                0x00000000080077a8       0x3c USB_DEVICE/App/usbd_desc.o
                0x00000000080077a8                USBD_FS_ProductStrDescriptor
 .text.USBD_FS_ManufacturerStrDescriptor
                0x00000000080077e4       0x28 USB_DEVICE/App/usbd_desc.o
                0x00000000080077e4                USBD_FS_ManufacturerStrDescriptor
 .text.USBD_FS_SerialStrDescriptor
                0x000000000800780c       0x24 USB_DEVICE/App/usbd_desc.o
                0x000000000800780c                USBD_FS_SerialStrDescriptor
 .text.USBD_FS_ConfigStrDescriptor
                0x0000000008007830       0x3c USB_DEVICE/App/usbd_desc.o
                0x0000000008007830                USBD_FS_ConfigStrDescriptor
 .text.USBD_FS_InterfaceStrDescriptor
                0x000000000800786c       0x3c USB_DEVICE/App/usbd_desc.o
                0x000000000800786c                USBD_FS_InterfaceStrDescriptor
 .text.Get_SerialNum
                0x00000000080078a8       0x58 USB_DEVICE/App/usbd_desc.o
 .text.IntToUnicode
                0x0000000008007900       0x7a USB_DEVICE/App/usbd_desc.o
 *fill*         0x000000000800797a        0x2 
 .text.HAL_PCD_MspInit
                0x000000000800797c       0x4c USB_DEVICE/Target/usbd_conf.o
                0x000000000800797c                HAL_PCD_MspInit
 .text.HAL_PCD_SetupStageCallback
                0x00000000080079c8       0x24 USB_DEVICE/Target/usbd_conf.o
                0x00000000080079c8                HAL_PCD_SetupStageCallback
 .text.HAL_PCD_DataOutStageCallback
                0x00000000080079ec       0x36 USB_DEVICE/Target/usbd_conf.o
                0x00000000080079ec                HAL_PCD_DataOutStageCallback
 .text.HAL_PCD_DataInStageCallback
                0x0000000008007a22       0x34 USB_DEVICE/Target/usbd_conf.o
                0x0000000008007a22                HAL_PCD_DataInStageCallback
 .text.HAL_PCD_SOFCallback
                0x0000000008007a56       0x1c USB_DEVICE/Target/usbd_conf.o
                0x0000000008007a56                HAL_PCD_SOFCallback
 .text.HAL_PCD_ResetCallback
                0x0000000008007a72       0x3c USB_DEVICE/Target/usbd_conf.o
                0x0000000008007a72                HAL_PCD_ResetCallback
 *fill*         0x0000000008007aae        0x2 
 .text.HAL_PCD_SuspendCallback
                0x0000000008007ab0       0x34 USB_DEVICE/Target/usbd_conf.o
                0x0000000008007ab0                HAL_PCD_SuspendCallback
 .text.HAL_PCD_ResumeCallback
                0x0000000008007ae4       0x1c USB_DEVICE/Target/usbd_conf.o
                0x0000000008007ae4                HAL_PCD_ResumeCallback
 .text.USBD_LL_Init
                0x0000000008007b00       0xb4 USB_DEVICE/Target/usbd_conf.o
                0x0000000008007b00                USBD_LL_Init
 .text.USBD_LL_Start
                0x0000000008007bb4       0x36 USB_DEVICE/Target/usbd_conf.o
                0x0000000008007bb4                USBD_LL_Start
 .text.USBD_LL_OpenEP
                0x0000000008007bea       0x4c USB_DEVICE/Target/usbd_conf.o
                0x0000000008007bea                USBD_LL_OpenEP
 .text.USBD_LL_CloseEP
                0x0000000008007c36       0x3e USB_DEVICE/Target/usbd_conf.o
                0x0000000008007c36                USBD_LL_CloseEP
 .text.USBD_LL_StallEP
                0x0000000008007c74       0x3e USB_DEVICE/Target/usbd_conf.o
                0x0000000008007c74                USBD_LL_StallEP
 .text.USBD_LL_ClearStallEP
                0x0000000008007cb2       0x3e USB_DEVICE/Target/usbd_conf.o
                0x0000000008007cb2                USBD_LL_ClearStallEP
 .text.USBD_LL_IsStallEP
                0x0000000008007cf0       0x58 USB_DEVICE/Target/usbd_conf.o
                0x0000000008007cf0                USBD_LL_IsStallEP
 .text.USBD_LL_SetUSBAddress
                0x0000000008007d48       0x3e USB_DEVICE/Target/usbd_conf.o
                0x0000000008007d48                USBD_LL_SetUSBAddress
 .text.USBD_LL_Transmit
                0x0000000008007d86       0x46 USB_DEVICE/Target/usbd_conf.o
                0x0000000008007d86                USBD_LL_Transmit
 .text.USBD_LL_PrepareReceive
                0x0000000008007dcc       0x46 USB_DEVICE/Target/usbd_conf.o
                0x0000000008007dcc                USBD_LL_PrepareReceive
 .text.USBD_LL_GetRxDataSize
                0x0000000008007e12       0x26 USB_DEVICE/Target/usbd_conf.o
                0x0000000008007e12                USBD_LL_GetRxDataSize
 .text.USBD_static_malloc
                0x0000000008007e38       0x18 USB_DEVICE/Target/usbd_conf.o
                0x0000000008007e38                USBD_static_malloc
 .text.USBD_static_free
                0x0000000008007e50       0x12 USB_DEVICE/Target/usbd_conf.o
                0x0000000008007e50                USBD_static_free
 .text.HAL_PCDEx_SetConnectionState
                0x0000000008007e62       0x16 USB_DEVICE/Target/usbd_conf.o
                0x0000000008007e62                HAL_PCDEx_SetConnectionState
 .text.USBD_Get_USB_Status
                0x0000000008007e78       0x58 USB_DEVICE/Target/usbd_conf.o
 .text.__errno  0x0000000008007ed0        0xc c:/st/stm32cubeide_1.5.1/stm32cubeide/plugins/com.st.stm32cube.ide.mcu.externaltools.gnu-tools-for-stm32.7-2018-q2-update.win32_1.5.0.202011040924/tools/bin/../lib/gcc/arm-none-eabi/7.3.1/../../../../arm-none-eabi/lib/thumb/v7-m\libc_nano.a(lib_a-errno.o)
                0x0000000008007ed0                __errno
 .text.__libc_init_array
                0x0000000008007edc       0x48 c:/st/stm32cubeide_1.5.1/stm32cubeide/plugins/com.st.stm32cube.ide.mcu.externaltools.gnu-tools-for-stm32.7-2018-q2-update.win32_1.5.0.202011040924/tools/bin/../lib/gcc/arm-none-eabi/7.3.1/../../../../arm-none-eabi/lib/thumb/v7-m\libc_nano.a(lib_a-init.o)
                0x0000000008007edc                __libc_init_array
 .text.memset   0x0000000008007f24       0x10 c:/st/stm32cubeide_1.5.1/stm32cubeide/plugins/com.st.stm32cube.ide.mcu.externaltools.gnu-tools-for-stm32.7-2018-q2-update.win32_1.5.0.202011040924/tools/bin/../lib/gcc/arm-none-eabi/7.3.1/../../../../arm-none-eabi/lib/thumb/v7-m\libc_nano.a(lib_a-memset.o)
                0x0000000008007f24                memset
 .text.sprintf  0x0000000008007f34       0x40 c:/st/stm32cubeide_1.5.1/stm32cubeide/plugins/com.st.stm32cube.ide.mcu.externaltools.gnu-tools-for-stm32.7-2018-q2-update.win32_1.5.0.202011040924/tools/bin/../lib/gcc/arm-none-eabi/7.3.1/../../../../arm-none-eabi/lib/thumb/v7-m\libc_nano.a(lib_a-sprintf.o)
                0x0000000008007f34                siprintf
                0x0000000008007f34                sprintf
 .text.__ssputs_r
                0x0000000008007f74       0xb4 c:/st/stm32cubeide_1.5.1/stm32cubeide/plugins/com.st.stm32cube.ide.mcu.externaltools.gnu-tools-for-stm32.7-2018-q2-update.win32_1.5.0.202011040924/tools/bin/../lib/gcc/arm-none-eabi/7.3.1/../../../../arm-none-eabi/lib/thumb/v7-m\libc_nano.a(lib_a-nano-svfprintf.o)
                0x0000000008007f74                __ssputs_r
 .text._svfprintf_r
                0x0000000008008028      0x1f0 c:/st/stm32cubeide_1.5.1/stm32cubeide/plugins/com.st.stm32cube.ide.mcu.externaltools.gnu-tools-for-stm32.7-2018-q2-update.win32_1.5.0.202011040924/tools/bin/../lib/gcc/arm-none-eabi/7.3.1/../../../../arm-none-eabi/lib/thumb/v7-m\libc_nano.a(lib_a-nano-svfprintf.o)
                0x0000000008008028                _svfiprintf_r
                0x0000000008008028                _svfprintf_r
 .text._printf_common
                0x0000000008008218       0xec c:/st/stm32cubeide_1.5.1/stm32cubeide/plugins/com.st.stm32cube.ide.mcu.externaltools.gnu-tools-for-stm32.7-2018-q2-update.win32_1.5.0.202011040924/tools/bin/../lib/gcc/arm-none-eabi/7.3.1/../../../../arm-none-eabi/lib/thumb/v7-m\libc_nano.a(lib_a-nano-vfprintf_i.o)
                0x0000000008008218                _printf_common
 .text._printf_i
                0x0000000008008304      0x224 c:/st/stm32cubeide_1.5.1/stm32cubeide/plugins/com.st.stm32cube.ide.mcu.externaltools.gnu-tools-for-stm32.7-2018-q2-update.win32_1.5.0.202011040924/tools/bin/../lib/gcc/arm-none-eabi/7.3.1/../../../../arm-none-eabi/lib/thumb/v7-m\libc_nano.a(lib_a-nano-vfprintf_i.o)
                0x0000000008008304                _printf_i
 .text.memchr   0x0000000008008528       0x1c c:/st/stm32cubeide_1.5.1/stm32cubeide/plugins/com.st.stm32cube.ide.mcu.externaltools.gnu-tools-for-stm32.7-2018-q2-update.win32_1.5.0.202011040924/tools/bin/../lib/gcc/arm-none-eabi/7.3.1/../../../../arm-none-eabi/lib/thumb/v7-m\libc_nano.a(lib_a-memchr-stub.o)
                0x0000000008008528                memchr
 .text.memcpy   0x0000000008008544       0x16 c:/st/stm32cubeide_1.5.1/stm32cubeide/plugins/com.st.stm32cube.ide.mcu.externaltools.gnu-tools-for-stm32.7-2018-q2-update.win32_1.5.0.202011040924/tools/bin/../lib/gcc/arm-none-eabi/7.3.1/../../../../arm-none-eabi/lib/thumb/v7-m\libc_nano.a(lib_a-memcpy-stub.o)
                0x0000000008008544                memcpy
 .text.memmove  0x000000000800855a       0x32 c:/st/stm32cubeide_1.5.1/stm32cubeide/plugins/com.st.stm32cube.ide.mcu.externaltools.gnu-tools-for-stm32.7-2018-q2-update.win32_1.5.0.202011040924/tools/bin/../lib/gcc/arm-none-eabi/7.3.1/../../../../arm-none-eabi/lib/thumb/v7-m\libc_nano.a(lib_a-memmove.o)
                0x000000000800855a                memmove
 .text._free_r  0x000000000800858c       0x98 c:/st/stm32cubeide_1.5.1/stm32cubeide/plugins/com.st.stm32cube.ide.mcu.externaltools.gnu-tools-for-stm32.7-2018-q2-update.win32_1.5.0.202011040924/tools/bin/../lib/gcc/arm-none-eabi/7.3.1/../../../../arm-none-eabi/lib/thumb/v7-m\libc_nano.a(lib_a-nano-freer.o)
                0x000000000800858c                _free_r
 .text._malloc_r
                0x0000000008008624       0xb4 c:/st/stm32cubeide_1.5.1/stm32cubeide/plugins/com.st.stm32cube.ide.mcu.externaltools.gnu-tools-for-stm32.7-2018-q2-update.win32_1.5.0.202011040924/tools/bin/../lib/gcc/arm-none-eabi/7.3.1/../../../../arm-none-eabi/lib/thumb/v7-m\libc_nano.a(lib_a-nano-mallocr.o)
                0x0000000008008624                _malloc_r
 .text._realloc_r
                0x00000000080086d8       0x4c c:/st/stm32cubeide_1.5.1/stm32cubeide/plugins/com.st.stm32cube.ide.mcu.externaltools.gnu-tools-for-stm32.7-2018-q2-update.win32_1.5.0.202011040924/tools/bin/../lib/gcc/arm-none-eabi/7.3.1/../../../../arm-none-eabi/lib/thumb/v7-m\libc_nano.a(lib_a-nano-reallocr.o)
                0x00000000080086d8                _realloc_r
 .text._sbrk_r  0x0000000008008724       0x20 c:/st/stm32cubeide_1.5.1/stm32cubeide/plugins/com.st.stm32cube.ide.mcu.externaltools.gnu-tools-for-stm32.7-2018-q2-update.win32_1.5.0.202011040924/tools/bin/../lib/gcc/arm-none-eabi/7.3.1/../../../../arm-none-eabi/lib/thumb/v7-m\libc_nano.a(lib_a-sbrkr.o)
                0x0000000008008724                _sbrk_r
 .text.__malloc_lock
                0x0000000008008744        0x2 c:/st/stm32cubeide_1.5.1/stm32cubeide/plugins/com.st.stm32cube.ide.mcu.externaltools.gnu-tools-for-stm32.7-2018-q2-update.win32_1.5.0.202011040924/tools/bin/../lib/gcc/arm-none-eabi/7.3.1/../../../../arm-none-eabi/lib/thumb/v7-m\libc_nano.a(lib_a-mlock.o)
                0x0000000008008744                __malloc_lock
 .text.__malloc_unlock
                0x0000000008008746        0x2 c:/st/stm32cubeide_1.5.1/stm32cubeide/plugins/com.st.stm32cube.ide.mcu.externaltools.gnu-tools-for-stm32.7-2018-q2-update.win32_1.5.0.202011040924/tools/bin/../lib/gcc/arm-none-eabi/7.3.1/../../../../arm-none-eabi/lib/thumb/v7-m\libc_nano.a(lib_a-mlock.o)
                0x0000000008008746                __malloc_unlock
 .text._malloc_usable_size_r
                0x0000000008008748       0x10 c:/st/stm32cubeide_1.5.1/stm32cubeide/plugins/com.st.stm32cube.ide.mcu.externaltools.gnu-tools-for-stm32.7-2018-q2-update.win32_1.5.0.202011040924/tools/bin/../lib/gcc/arm-none-eabi/7.3.1/../../../../arm-none-eabi/lib/thumb/v7-m\libc_nano.a(lib_a-nano-msizer.o)
                0x0000000008008748                _malloc_usable_size_r
 *(.glue_7)
 .glue_7        0x0000000008008758        0x0 linker stubs
 *(.glue_7t)
 .glue_7t       0x0000000008008758        0x0 linker stubs
 *(.eh_frame)
 .eh_frame      0x0000000008008758        0x0 c:/st/stm32cubeide_1.5.1/stm32cubeide/plugins/com.st.stm32cube.ide.mcu.externaltools.gnu-tools-for-stm32.7-2018-q2-update.win32_1.5.0.202011040924/tools/bin/../lib/gcc/arm-none-eabi/7.3.1/thumb/v7-m/crtbegin.o
 *(.init)
 .init          0x0000000008008758        0x4 c:/st/stm32cubeide_1.5.1/stm32cubeide/plugins/com.st.stm32cube.ide.mcu.externaltools.gnu-tools-for-stm32.7-2018-q2-update.win32_1.5.0.202011040924/tools/bin/../lib/gcc/arm-none-eabi/7.3.1/thumb/v7-m/crti.o
                0x0000000008008758                _init
 .init          0x000000000800875c        0x8 c:/st/stm32cubeide_1.5.1/stm32cubeide/plugins/com.st.stm32cube.ide.mcu.externaltools.gnu-tools-for-stm32.7-2018-q2-update.win32_1.5.0.202011040924/tools/bin/../lib/gcc/arm-none-eabi/7.3.1/thumb/v7-m/crtn.o
 *(.fini)
 .fini          0x0000000008008764        0x4 c:/st/stm32cubeide_1.5.1/stm32cubeide/plugins/com.st.stm32cube.ide.mcu.externaltools.gnu-tools-for-stm32.7-2018-q2-update.win32_1.5.0.202011040924/tools/bin/../lib/gcc/arm-none-eabi/7.3.1/thumb/v7-m/crti.o
                0x0000000008008764                _fini
 .fini          0x0000000008008768        0x8 c:/st/stm32cubeide_1.5.1/stm32cubeide/plugins/com.st.stm32cube.ide.mcu.externaltools.gnu-tools-for-stm32.7-2018-q2-update.win32_1.5.0.202011040924/tools/bin/../lib/gcc/arm-none-eabi/7.3.1/thumb/v7-m/crtn.o
                0x0000000008008770                . = ALIGN (0x4)
                0x0000000008008770                _etext = .

.vfp11_veneer   0x0000000008008770        0x0
 .vfp11_veneer  0x0000000008008770        0x0 linker stubs

.v4_bx          0x0000000008008770        0x0
 .v4_bx         0x0000000008008770        0x0 linker stubs

.iplt           0x0000000008008770        0x0
 .iplt          0x0000000008008770        0x0 c:/st/stm32cubeide_1.5.1/stm32cubeide/plugins/com.st.stm32cube.ide.mcu.externaltools.gnu-tools-for-stm32.7-2018-q2-update.win32_1.5.0.202011040924/tools/bin/../lib/gcc/arm-none-eabi/7.3.1/thumb/v7-m/crtbegin.o

.rodata         0x0000000008008770       0xf4
                0x0000000008008770                . = ALIGN (0x4)
 *(.rodata)
 .rodata        0x0000000008008770       0x38 Core/Src/main.o
 .rodata        0x00000000080087a8       0x12 Drivers/STM32F1xx_HAL_Driver/Src/stm32f1xx_hal_rcc.o
 *fill*         0x00000000080087ba        0x2 
 .rodata        0x00000000080087bc       0x12 Drivers/STM32F1xx_HAL_Driver/Src/stm32f1xx_hal_rcc_ex.o
 *fill*         0x00000000080087ce        0x2 
 .rodata        0x00000000080087d0       0x46 USB_DEVICE/App/usbd_desc.o
 *(.rodata*)
 *fill*         0x0000000008008816        0x2 
 .rodata.AHBPrescTable
                0x0000000008008818       0x10 Core/Src/system_stm32f1xx.o
                0x0000000008008818                AHBPrescTable
 .rodata.APBPrescTable
                0x0000000008008828        0x8 Core/Src/system_stm32f1xx.o
                0x0000000008008828                APBPrescTable
 .rodata._svfprintf_r.str1.1
                0x0000000008008830       0x11 c:/st/stm32cubeide_1.5.1/stm32cubeide/plugins/com.st.stm32cube.ide.mcu.externaltools.gnu-tools-for-stm32.7-2018-q2-update.win32_1.5.0.202011040924/tools/bin/../lib/gcc/arm-none-eabi/7.3.1/../../../../arm-none-eabi/lib/thumb/v7-m\libc_nano.a(lib_a-nano-svfprintf.o)
 .rodata._printf_i.str1.1
                0x0000000008008841       0x22 c:/st/stm32cubeide_1.5.1/stm32cubeide/plugins/com.st.stm32cube.ide.mcu.externaltools.gnu-tools-for-stm32.7-2018-q2-update.win32_1.5.0.202011040924/tools/bin/../lib/gcc/arm-none-eabi/7.3.1/../../../../arm-none-eabi/lib/thumb/v7-m\libc_nano.a(lib_a-nano-vfprintf_i.o)
                0x0000000008008864                . = ALIGN (0x4)
 *fill*         0x0000000008008863        0x1 

.rel.dyn        0x0000000008008864        0x0
 .rel.iplt      0x0000000008008864        0x0 c:/st/stm32cubeide_1.5.1/stm32cubeide/plugins/com.st.stm32cube.ide.mcu.externaltools.gnu-tools-for-stm32.7-2018-q2-update.win32_1.5.0.202011040924/tools/bin/../lib/gcc/arm-none-eabi/7.3.1/thumb/v7-m/crtbegin.o

.ARM.extab      0x0000000008008864        0x0
                0x0000000008008864                . = ALIGN (0x4)
 *(.ARM.extab* .gnu.linkonce.armextab.*)
                0x0000000008008864                . = ALIGN (0x4)

.ARM            0x0000000008008864        0x0
                0x0000000008008864                . = ALIGN (0x4)
                0x0000000008008864                __exidx_start = .
 *(.ARM.exidx*)
                0x0000000008008864                __exidx_end = .
                0x0000000008008864                . = ALIGN (0x4)

.preinit_array  0x0000000008008864        0x0
                0x0000000008008864                . = ALIGN (0x4)
                0x0000000008008864                PROVIDE (__preinit_array_start = .)
 *(.preinit_array*)
                0x0000000008008864                PROVIDE (__preinit_array_end = .)
                0x0000000008008864                . = ALIGN (0x4)

.init_array     0x0000000008008864        0x4
                0x0000000008008864                . = ALIGN (0x4)
                0x0000000008008864                PROVIDE (__init_array_start = .)
 *(SORT_BY_NAME(.init_array.*))
 *(.init_array*)
 .init_array    0x0000000008008864        0x4 c:/st/stm32cubeide_1.5.1/stm32cubeide/plugins/com.st.stm32cube.ide.mcu.externaltools.gnu-tools-for-stm32.7-2018-q2-update.win32_1.5.0.202011040924/tools/bin/../lib/gcc/arm-none-eabi/7.3.1/thumb/v7-m/crtbegin.o
                0x0000000008008868                PROVIDE (__init_array_end = .)
                0x0000000008008868                . = ALIGN (0x4)

.fini_array     0x0000000008008868        0x4
                0x0000000008008868                . = ALIGN (0x4)
                [!provide]                        PROVIDE (__fini_array_start = .)
 *(SORT_BY_NAME(.fini_array.*))
 *(.fini_array*)
 .fini_array    0x0000000008008868        0x4 c:/st/stm32cubeide_1.5.1/stm32cubeide/plugins/com.st.stm32cube.ide.mcu.externaltools.gnu-tools-for-stm32.7-2018-q2-update.win32_1.5.0.202011040924/tools/bin/../lib/gcc/arm-none-eabi/7.3.1/thumb/v7-m/crtbegin.o
                [!provide]                        PROVIDE (__fini_array_end = .)
                0x000000000800886c                . = ALIGN (0x4)
                0x000000000800886c                _sidata = LOADADDR (.data)

.data           0x0000000020000000      0x1e0 load address 0x000000000800886c
                0x0000000020000000                . = ALIGN (0x4)
                0x0000000020000000                _sdata = .
 *(.data)
 *(.data*)
 .data.SystemCoreClock
                0x0000000020000000        0x4 Core/Src/system_stm32f1xx.o
                0x0000000020000000                SystemCoreClock
 .data.uwTickPrio
                0x0000000020000004        0x4 Drivers/STM32F1xx_HAL_Driver/Src/stm32f1xx_hal.o
                0x0000000020000004                uwTickPrio
 .data.uwTickFreq
                0x0000000020000008        0x1 Drivers/STM32F1xx_HAL_Driver/Src/stm32f1xx_hal.o
                0x0000000020000008                uwTickFreq
 *fill*         0x0000000020000009        0x3 
 .data.USBD_CDC_DeviceQualifierDesc
                0x000000002000000c        0xa Middlewares/ST/STM32_USB_Device_Library/Class/CDC/Src/usbd_cdc.o
 *fill*         0x0000000020000016        0x2 
 .data.USBD_CDC
                0x0000000020000018       0x38 Middlewares/ST/STM32_USB_Device_Library/Class/CDC/Src/usbd_cdc.o
                0x0000000020000018                USBD_CDC
 .data.USBD_CDC_CfgHSDesc
                0x0000000020000050       0x43 Middlewares/ST/STM32_USB_Device_Library/Class/CDC/Src/usbd_cdc.o
                0x0000000020000050                USBD_CDC_CfgHSDesc
 *fill*         0x0000000020000093        0x1 
 .data.USBD_CDC_CfgFSDesc
                0x0000000020000094       0x43 Middlewares/ST/STM32_USB_Device_Library/Class/CDC/Src/usbd_cdc.o
                0x0000000020000094                USBD_CDC_CfgFSDesc
 *fill*         0x00000000200000d7        0x1 
 .data.USBD_CDC_OtherSpeedCfgDesc
                0x00000000200000d8       0x43 Middlewares/ST/STM32_USB_Device_Library/Class/CDC/Src/usbd_cdc.o
                0x00000000200000d8                USBD_CDC_OtherSpeedCfgDesc
 *fill*         0x000000002000011b        0x1 
 .data.USBD_Interface_fops_FS
                0x000000002000011c       0x10 USB_DEVICE/App/usbd_cdc_if.o
                0x000000002000011c                USBD_Interface_fops_FS
 .data.FS_Desc  0x000000002000012c       0x1c USB_DEVICE/App/usbd_desc.o
                0x000000002000012c                FS_Desc
 .data.USBD_FS_DeviceDesc
                0x0000000020000148       0x12 USB_DEVICE/App/usbd_desc.o
                0x0000000020000148                USBD_FS_DeviceDesc
 *fill*         0x000000002000015a        0x2 
 .data.USBD_LangIDDesc
                0x000000002000015c        0x4 USB_DEVICE/App/usbd_desc.o
                0x000000002000015c                USBD_LangIDDesc
 .data.USBD_StringSerial
                0x0000000020000160       0x1a USB_DEVICE/App/usbd_desc.o
                0x0000000020000160                USBD_StringSerial
 *fill*         0x000000002000017a        0x2 
 .data._impure_ptr
                0x000000002000017c        0x4 c:/st/stm32cubeide_1.5.1/stm32cubeide/plugins/com.st.stm32cube.ide.mcu.externaltools.gnu-tools-for-stm32.7-2018-q2-update.win32_1.5.0.202011040924/tools/bin/../lib/gcc/arm-none-eabi/7.3.1/../../../../arm-none-eabi/lib/thumb/v7-m\libc_nano.a(lib_a-impure.o)
                0x000000002000017c                _impure_ptr
 .data.impure_data
                0x0000000020000180       0x60 c:/st/stm32cubeide_1.5.1/stm32cubeide/plugins/com.st.stm32cube.ide.mcu.externaltools.gnu-tools-for-stm32.7-2018-q2-update.win32_1.5.0.202011040924/tools/bin/../lib/gcc/arm-none-eabi/7.3.1/../../../../arm-none-eabi/lib/thumb/v7-m\libc_nano.a(lib_a-impure.o)
 *(.RamFunc)
 *(.RamFunc*)
                0x00000000200001e0                . = ALIGN (0x4)
                0x00000000200001e0                _edata = .

.igot.plt       0x00000000200001e0        0x0 load address 0x0000000008008a4c
 .igot.plt      0x00000000200001e0        0x0 c:/st/stm32cubeide_1.5.1/stm32cubeide/plugins/com.st.stm32cube.ide.mcu.externaltools.gnu-tools-for-stm32.7-2018-q2-update.win32_1.5.0.202011040924/tools/bin/../lib/gcc/arm-none-eabi/7.3.1/thumb/v7-m/crtbegin.o
                0x00000000200001e0                . = ALIGN (0x4)

.bss            0x00000000200001e0     0x1280 load address 0x0000000008008a4c
                0x00000000200001e0                _sbss = .
                0x00000000200001e0                __bss_start__ = _sbss
 *(.bss)
 .bss           0x00000000200001e0       0x1c c:/st/stm32cubeide_1.5.1/stm32cubeide/plugins/com.st.stm32cube.ide.mcu.externaltools.gnu-tools-for-stm32.7-2018-q2-update.win32_1.5.0.202011040924/tools/bin/../lib/gcc/arm-none-eabi/7.3.1/thumb/v7-m/crtbegin.o
 *(.bss*)
 .bss.valorADC  0x00000000200001fc        0x4 Core/Src/main.o
                0x00000000200001fc                valorADC
 .bss.bpm       0x0000000020000200        0x4 Core/Src/main.o
                0x0000000020000200                bpm
 .bss.bpmEnviado
                0x0000000020000204        0x4 Core/Src/main.o
                0x0000000020000204                bpmEnviado
 .bss.leituras  0x0000000020000208       0x14 Core/Src/main.o
                0x0000000020000208                leituras
 .bss.indice    0x000000002000021c        0x4 Core/Src/main.o
                0x000000002000021c                indice
 .bss.quantidade
                0x0000000020000220        0x4 Core/Src/main.o
                0x0000000020000220                quantidade
 .bss.estadoUSB
                0x0000000020000224        0x4 Core/Src/main.o
                0x0000000020000224                estadoUSB
 .bss.__sbrk_heap_end
                0x0000000020000228        0x4 Core/Src/sysmem.o
 .bss.cfgidx.7767
                0x000000002000022c        0x1 Middlewares/ST/STM32_USB_Device_Library/Core/Src/usbd_ctlreq.o
 *fill*         0x000000002000022d        0x3 
 .bss.mem.7835  0x0000000020000230      0x220 USB_DEVICE/Target/usbd_conf.o
 .bss.__malloc_free_list
                0x0000000020000450        0x4 c:/st/stm32cubeide_1.5.1/stm32cubeide/plugins/com.st.stm32cube.ide.mcu.externaltools.gnu-tools-for-stm32.7-2018-q2-update.win32_1.5.0.202011040924/tools/bin/../lib/gcc/arm-none-eabi/7.3.1/../../../../arm-none-eabi/lib/thumb/v7-m\libc_nano.a(lib_a-nano-mallocr.o)
                0x0000000020000450                __malloc_free_list
 .bss.__malloc_sbrk_start
                0x0000000020000454        0x4 c:/st/stm32cubeide_1.5.1/stm32cubeide/plugins/com.st.stm32cube.ide.mcu.externaltools.gnu-tools-for-stm32.7-2018-q2-update.win32_1.5.0.202011040924/tools/bin/../lib/gcc/arm-none-eabi/7.3.1/../../../../arm-none-eabi/lib/thumb/v7-m\libc_nano.a(lib_a-nano-mallocr.o)
                0x0000000020000454                __malloc_sbrk_start
 *(COMMON)
 COMMON         0x0000000020000458       0x80 Core/Src/main.o
                0x0000000020000458                mensagem
                0x00000000200004a8                hadc1
 COMMON         0x00000000200004d8        0x4 Drivers/STM32F1xx_HAL_Driver/Src/stm32f1xx_hal.o
                0x00000000200004d8                uwTick
 COMMON         0x00000000200004dc      0x2c4 USB_DEVICE/App/usb_device.o
                0x00000000200004dc                hUsbDeviceFS
 COMMON         0x00000000200007a0      0x7d0 USB_DEVICE/App/usbd_cdc_if.o
                0x00000000200007a0                UserRxBufferFS
                0x0000000020000b88                UserTxBufferFS
 COMMON         0x0000000020000f70      0x200 USB_DEVICE/App/usbd_desc.o
                0x0000000020000f70                USBD_StrDesc
 COMMON         0x0000000020001170      0x2ec USB_DEVICE/Target/usbd_conf.o
                0x0000000020001170                hpcd_USB_FS
 COMMON         0x000000002000145c        0x4 c:/st/stm32cubeide_1.5.1/stm32cubeide/plugins/com.st.stm32cube.ide.mcu.externaltools.gnu-tools-for-stm32.7-2018-q2-update.win32_1.5.0.202011040924/tools/bin/../lib/gcc/arm-none-eabi/7.3.1/../../../../arm-none-eabi/lib/thumb/v7-m\libc_nano.a(lib_a-reent.o)
                0x000000002000145c                errno
                0x0000000020001460                . = ALIGN (0x4)
                0x0000000020001460                _ebss = .
                0x0000000020001460                __bss_end__ = _ebss

._user_heap_stack
                0x0000000020001460      0x600 load address 0x0000000008008a4c
                0x0000000020001460                . = ALIGN (0x8)
                [!provide]                        PROVIDE (end = .)
                0x0000000020001460                PROVIDE (_end = .)
                0x0000000020001660                . = (. + _Min_Heap_Size)
 *fill*         0x0000000020001460      0x200 
                0x0000000020001a60                . = (. + _Min_Stack_Size)
 *fill*         0x0000000020001660      0x400 
                0x0000000020001a60                . = ALIGN (0x8)

/DISCARD/
 libc.a(*)
 libm.a(*)
 libgcc.a(*)

.ARM.attributes
                0x0000000000000000       0x29
 *(.ARM.attributes)
 .ARM.attributes
                0x0000000000000000       0x1d c:/st/stm32cubeide_1.5.1/stm32cubeide/plugins/com.st.stm32cube.ide.mcu.externaltools.gnu-tools-for-stm32.7-2018-q2-update.win32_1.5.0.202011040924/tools/bin/../lib/gcc/arm-none-eabi/7.3.1/thumb/v7-m/crti.o
 .ARM.attributes
                0x000000000000001d       0x2d c:/st/stm32cubeide_1.5.1/stm32cubeide/plugins/com.st.stm32cube.ide.mcu.externaltools.gnu-tools-for-stm32.7-2018-q2-update.win32_1.5.0.202011040924/tools/bin/../lib/gcc/arm-none-eabi/7.3.1/thumb/v7-m/crtbegin.o
 .ARM.attributes
                0x000000000000004a       0x33 Core/Src/main.o
 .ARM.attributes
                0x000000000000007d       0x33 Core/Src/stm32f1xx_hal_msp.o
 .ARM.attributes
                0x00000000000000b0       0x33 Core/Src/stm32f1xx_it.o
 .ARM.attributes
                0x00000000000000e3       0x33 Core/Src/sysmem.o
 .ARM.attributes
                0x0000000000000116       0x33 Core/Src/system_stm32f1xx.o
 .ARM.attributes
                0x0000000000000149       0x21 Core/Startup/startup_stm32f103c8tx.o
 .ARM.attributes
                0x000000000000016a       0x33 Drivers/STM32F1xx_HAL_Driver/Src/stm32f1xx_hal.o
 .ARM.attributes
                0x000000000000019d       0x33 Drivers/STM32F1xx_HAL_Driver/Src/stm32f1xx_hal_adc.o
 .ARM.attributes
                0x00000000000001d0       0x33 Drivers/STM32F1xx_HAL_Driver/Src/stm32f1xx_hal_cortex.o
 .ARM.attributes
                0x0000000000000203       0x33 Drivers/STM32F1xx_HAL_Driver/Src/stm32f1xx_hal_gpio.o
 .ARM.attributes
                0x0000000000000236       0x33 Drivers/STM32F1xx_HAL_Driver/Src/stm32f1xx_hal_pcd.o
 .ARM.attributes
                0x0000000000000269       0x33 Drivers/STM32F1xx_HAL_Driver/Src/stm32f1xx_hal_pcd_ex.o
 .ARM.attributes
                0x000000000000029c       0x33 Drivers/STM32F1xx_HAL_Driver/Src/stm32f1xx_hal_rcc.o
 .ARM.attributes
                0x00000000000002cf       0x33 Drivers/STM32F1xx_HAL_Driver/Src/stm32f1xx_hal_rcc_ex.o
 .ARM.attributes
                0x0000000000000302       0x33 Drivers/STM32F1xx_HAL_Driver/Src/stm32f1xx_ll_usb.o
 .ARM.attributes
                0x0000000000000335       0x33 Middlewares/ST/STM32_USB_Device_Library/Class/CDC/Src/usbd_cdc.o
 .ARM.attributes
                0x0000000000000368       0x33 Middlewares/ST/STM32_USB_Device_Library/Core/Src/usbd_core.o
 .ARM.attributes
                0x000000000000039b       0x33 Middlewares/ST/STM32_USB_Device_Library/Core/Src/usbd_ctlreq.o
 .ARM.attributes
                0x00000000000003ce       0x33 Middlewares/ST/STM32_USB_Device_Library/Core/Src/usbd_ioreq.o
 .ARM.attributes
                0x0000000000000401       0x33 USB_DEVICE/App/usb_device.o
 .ARM.attributes
                0x0000000000000434       0x33 USB_DEVICE/App/usbd_cdc_if.o
 .ARM.attributes
                0x0000000000000467       0x33 USB_DEVICE/App/usbd_desc.o
 .ARM.attributes
                0x000000000000049a       0x33 USB_DEVICE/Target/usbd_conf.o
 .ARM.attributes
                0x00000000000004cd       0x2d c:/st/stm32cubeide_1.5.1/stm32cubeide/plugins/com.st.stm32cube.ide.mcu.externaltools.gnu-tools-for-stm32.7-2018-q2-update.win32_1.5.0.202011040924/tools/bin/../lib/gcc/arm-none-eabi/7.3.1/../../../../arm-none-eabi/lib/thumb/v7-m\libc_nano.a(lib_a-errno.o)
 .ARM.attributes
                0x00000000000004fa       0x2d c:/st/stm32cubeide_1.5.1/stm32cubeide/plugins/com.st.stm32cube.ide.mcu.externaltools.gnu-tools-for-stm32.7-2018-q2-update.win32_1.5.0.202011040924/tools/bin/../lib/gcc/arm-none-eabi/7.3.1/../../../../arm-none-eabi/lib/thumb/v7-m\libc_nano.a(lib_a-impure.o)
 .ARM.attributes
                0x0000000000000527       0x2d c:/st/stm32cubeide_1.5.1/stm32cubeide/plugins/com.st.stm32cube.ide.mcu.externaltools.gnu-tools-for-stm32.7-2018-q2-update.win32_1.5.0.202011040924/tools/bin/../lib/gcc/arm-none-eabi/7.3.1/../../../../arm-none-eabi/lib/thumb/v7-m\libc_nano.a(lib_a-init.o)
 .ARM.attributes
                0x0000000000000554       0x2d c:/st/stm32cubeide_1.5.1/stm32cubeide/plugins/com.st.stm32cube.ide.mcu.externaltools.gnu-tools-for-stm32.7-2018-q2-update.win32_1.5.0.202011040924/tools/bin/../lib/gcc/arm-none-eabi/7.3.1/../../../../arm-none-eabi/lib/thumb/v7-m\libc_nano.a(lib_a-memset.o)
 .ARM.attributes
                0x0000000000000581       0x2d c:/st/stm32cubeide_1.5.1/stm32cubeide/plugins/com.st.stm32cube.ide.mcu.externaltools.gnu-tools-for-stm32.7-2018-q2-update.win32_1.5.0.202011040924/tools/bin/../lib/gcc/arm-none-eabi/7.3.1/../../../../arm-none-eabi/lib/thumb/v7-m\libc_nano.a(lib_a-sprintf.o)
 .ARM.attributes
                0x00000000000005ae       0x17 c:/st/stm32cubeide_1.5.1/stm32cubeide/plugins/com.st.stm32cube.ide.mcu.externaltools.gnu-tools-for-stm32.7-2018-q2-update.win32_1.5.0.202011040924/tools/bin/../lib/gcc/arm-none-eabi/7.3.1/../../../../arm-none-eabi/lib/thumb/v7-m\libc_nano.a(lib_a-strlen.o)
 .ARM.attributes
                0x00000000000005c5       0x2d c:/st/stm32cubeide_1.5.1/stm32cubeide/plugins/com.st.stm32cube.ide.mcu.externaltools.gnu-tools-for-stm32.7-2018-q2-update.win32_1.5.0.202011040924/tools/bin/../lib/gcc/arm-none-eabi/7.3.1/../../../../arm-none-eabi/lib/thumb/v7-m\libc_nano.a(lib_a-nano-svfprintf.o)
 .ARM.attributes
                0x00000000000005f2       0x2d c:/st/stm32cubeide_1.5.1/stm32cubeide/plugins/com.st.stm32cube.ide.mcu.externaltools.gnu-tools-for-stm32.7-2018-q2-update.win32_1.5.0.202011040924/tools/bin/../lib/gcc/arm-none-eabi/7.3.1/../../../../arm-none-eabi/lib/thumb/v7-m\libc_nano.a(lib_a-nano-vfprintf_i.o)
 .ARM.attributes
                0x000000000000061f       0x2d c:/st/stm32cubeide_1.5.1/stm32cubeide/plugins/com.st.stm32cube.ide.mcu.externaltools.gnu-tools-for-stm32.7-2018-q2-update.win32_1.5.0.202011040924/tools/bin/../lib/gcc/arm-none-eabi/7.3.1/../../../../arm-none-eabi/lib/thumb/v7-m\libc_nano.a(lib_a-memchr-stub.o)
 .ARM.attributes
                0x000000000000064c       0x2d c:/st/stm32cubeide_1.5.1/stm32cubeide/plugins/com.st.stm32cube.ide.mcu.externaltools.gnu-tools-for-stm32.7-2018-q2-update.win32_1.5.0.202011040924/tools/bin/../lib/gcc/arm-none-eabi/7.3.1/../../../../arm-none-eabi/lib/thumb/v7-m\libc_nano.a(lib_a-memcpy-stub.o)
 .ARM.attributes
                0x0000000000000679       0x2d c:/st/stm32cubeide_1.5.1/stm32cubeide/plugins/com.st.stm32cube.ide.mcu.externaltools.gnu-tools-for-stm32.7-2018-q2-update.win32_1.5.0.202011040924/tools/bin/../lib/gcc/arm-none-eabi/7.3.1/../../../../arm-none-eabi/lib/thumb/v7-m\libc_nano.a(lib_a-memmove.o)
 .ARM.attributes
                0x00000000000006a6       0x2d c:/st/stm32cubeide_1.5.1/stm32cubeide/plugins/com.st.stm32cube.ide.mcu.externaltools.gnu-tools-for-stm32.7-2018-q2-update.win32_1.5.0.202011040924/tools/bin/../lib/gcc/arm-none-eabi/7.3.1/../../../../arm-none-eabi/lib/thumb/v7-m\libc_nano.a(lib_a-nano-freer.o)
 .ARM.attributes
                0x00000000000006d3       0x2d c:/st/stm32cubeide_1.5.1/stm32cubeide/plugins/com.st.stm32cube.ide.mcu.externaltools.gnu-tools-for-stm32.7-2018-q2-update.win32_1.5.0.202011040924/tools/bin/../lib/gcc/arm-none-eabi/7.3.1/../../../../arm-none-eabi/lib/thumb/v7-m\libc_nano.a(lib_a-nano-mallocr.o)
 .ARM.attributes
                0x0000000000000700       0x2d c:/st/stm32cubeide_1.5.1/stm32cubeide/plugins/com.st.stm32cube.ide.mcu.externaltools.gnu-tools-for-stm32.7-2018-q2-update.win32_1.5.0.202011040924/tools/bin/../lib/gcc/arm-none-eabi/7.3.1/../../../../arm-none-eabi/lib/thumb/v7-m\libc_nano.a(lib_a-nano-reallocr.o)
 .ARM.attributes
                0x000000000000072d       0x2d c:/st/stm32cubeide_1.5.1/stm32cubeide/plugins/com.st.stm32cube.ide.mcu.externaltools.gnu-tools-for-stm32.7-2018-q2-update.win32_1.5.0.202011040924/tools/bin/../lib/gcc/arm-none-eabi/7.3.1/../../../../arm-none-eabi/lib/thumb/v7-m\libc_nano.a(lib_a-sbrkr.o)
 .ARM.attributes
                0x000000000000075a       0x2d c:/st/stm32cubeide_1.5.1/stm32cubeide/plugins/com.st.stm32cube.ide.mcu.externaltools.gnu-tools-for-stm32.7-2018-q2-update.win32_1.5.0.202011040924/tools/bin/../lib/gcc/arm-none-eabi/7.3.1/../../../../arm-none-eabi/lib/thumb/v7-m\libc_nano.a(lib_a-mlock.o)
 .ARM.attributes
                0x0000000000000787       0x2d c:/st/stm32cubeide_1.5.1/stm32cubeide/plugins/com.st.stm32cube.ide.mcu.externaltools.gnu-tools-for-stm32.7-2018-q2-update.win32_1.5.0.202011040924/tools/bin/../lib/gcc/arm-none-eabi/7.3.1/../../../../arm-none-eabi/lib/thumb/v7-m\libc_nano.a(lib_a-nano-msizer.o)
 .ARM.attributes
                0x00000000000007b4       0x2d c:/st/stm32cubeide_1.5.1/stm32cubeide/plugins/com.st.stm32cube.ide.mcu.externaltools.gnu-tools-for-stm32.7-2018-q2-update.win32_1.5.0.202011040924/tools/bin/../lib/gcc/arm-none-eabi/7.3.1/../../../../arm-none-eabi/lib/thumb/v7-m\libc_nano.a(lib_a-reent.o)
 .ARM.attributes
                0x00000000000007e1       0x1d c:/st/stm32cubeide_1.5.1/stm32cubeide/plugins/com.st.stm32cube.ide.mcu.externaltools.gnu-tools-for-stm32.7-2018-q2-update.win32_1.5.0.202011040924/tools/bin/../lib/gcc/arm-none-eabi/7.3.1/thumb/v7-m/crtn.o
OUTPUT(ProjetoIntegrado.elf elf32-littlearm)

.debug_info     0x0000000000000000    0x12bbd
 .debug_info    0x0000000000000000     0x1734 Core/Src/main.o
 .debug_info    0x0000000000001734      0x831 Core/Src/stm32f1xx_hal_msp.o
 .debug_info    0x0000000000001f65      0x6a8 Core/Src/stm32f1xx_it.o
 .debug_info    0x000000000000260d      0x985 Core/Src/sysmem.o
 .debug_info    0x0000000000002f92      0x29a Core/Src/system_stm32f1xx.o
 .debug_info    0x000000000000322c       0x22 Core/Startup/startup_stm32f103c8tx.o
 .debug_info    0x000000000000324e      0x714 Drivers/STM32F1xx_HAL_Driver/Src/stm32f1xx_hal.o
 .debug_info    0x0000000000003962      0xc6c Drivers/STM32F1xx_HAL_Driver/Src/stm32f1xx_hal_adc.o
 .debug_info    0x00000000000045ce      0xb51 Drivers/STM32F1xx_HAL_Driver/Src/stm32f1xx_hal_cortex.o
 .debug_info    0x000000000000511f      0x69b Drivers/STM32F1xx_HAL_Driver/Src/stm32f1xx_hal_gpio.o
 .debug_info    0x00000000000057ba     0x13f3 Drivers/STM32F1xx_HAL_Driver/Src/stm32f1xx_hal_pcd.o
 .debug_info    0x0000000000006bad      0x787 Drivers/STM32F1xx_HAL_Driver/Src/stm32f1xx_hal_pcd_ex.o
 .debug_info    0x0000000000007334      0x80f Drivers/STM32F1xx_HAL_Driver/Src/stm32f1xx_hal_rcc.o
 .debug_info    0x0000000000007b43      0x444 Drivers/STM32F1xx_HAL_Driver/Src/stm32f1xx_hal_rcc_ex.o
 .debug_info    0x0000000000007f87     0x18b3 Drivers/STM32F1xx_HAL_Driver/Src/stm32f1xx_ll_usb.o
 .debug_info    0x000000000000983a     0x17b8 Middlewares/ST/STM32_USB_Device_Library/Class/CDC/Src/usbd_cdc.o
 .debug_info    0x000000000000aff2     0x11d2 Middlewares/ST/STM32_USB_Device_Library/Core/Src/usbd_core.o
 .debug_info    0x000000000000c1c4     0x1142 Middlewares/ST/STM32_USB_Device_Library/Core/Src/usbd_ctlreq.o
 .debug_info    0x000000000000d306      0xf33 Middlewares/ST/STM32_USB_Device_Library/Core/Src/usbd_ioreq.o
 .debug_info    0x000000000000e239      0xe7b USB_DEVICE/App/usb_device.o
 .debug_info    0x000000000000f0b4     0x1036 USB_DEVICE/App/usbd_cdc_if.o
 .debug_info    0x00000000000100ea      0xd17 USB_DEVICE/App/usbd_desc.o
 .debug_info    0x0000000000010e01     0x1dbc USB_DEVICE/Target/usbd_conf.o

.debug_abbrev   0x0000000000000000     0x2d75
 .debug_abbrev  0x0000000000000000      0x2b4 Core/Src/main.o
 .debug_abbrev  0x00000000000002b4      0x18c Core/Src/stm32f1xx_hal_msp.o
 .debug_abbrev  0x0000000000000440      0x155 Core/Src/stm32f1xx_it.o
 .debug_abbrev  0x0000000000000595      0x19b Core/Src/sysmem.o
 .debug_abbrev  0x0000000000000730      0x134 Core/Src/system_stm32f1xx.o
 .debug_abbrev  0x0000000000000864       0x12 Core/Startup/startup_stm32f103c8tx.o
 .debug_abbrev  0x0000000000000876      0x1c7 Drivers/STM32F1xx_HAL_Driver/Src/stm32f1xx_hal.o
 .debug_abbrev  0x0000000000000a3d      0x1d5 Drivers/STM32F1xx_HAL_Driver/Src/stm32f1xx_hal_adc.o
 .debug_abbrev  0x0000000000000c12      0x2d5 Drivers/STM32F1xx_HAL_Driver/Src/stm32f1xx_hal_cortex.o
 .debug_abbrev  0x0000000000000ee7      0x1c0 Drivers/STM32F1xx_HAL_Driver/Src/stm32f1xx_hal_gpio.o
 .debug_abbrev  0x00000000000010a7      0x268 Drivers/STM32F1xx_HAL_Driver/Src/stm32f1xx_hal_pcd.o
 .debug_abbrev  0x000000000000130f      0x188 Drivers/STM32F1xx_HAL_Driver/Src/stm32f1xx_hal_pcd_ex.o
 .debug_abbrev  0x0000000000001497      0x243 Drivers/STM32F1xx_HAL_Driver/Src/stm32f1xx_hal_rcc.o
 .debug_abbrev  0x00000000000016da      0x175 Drivers/STM32F1xx_HAL_Driver/Src/stm32f1xx_hal_rcc_ex.o
 .debug_abbrev  0x000000000000184f      0x1d2 Drivers/STM32F1xx_HAL_Driver/Src/stm32f1xx_ll_usb.o
 .debug_abbrev  0x0000000000001a21      0x2b6 Middlewares/ST/STM32_USB_Device_Library/Class/CDC/Src/usbd_cdc.o
 .debug_abbrev  0x0000000000001cd7      0x270 Middlewares/ST/STM32_USB_Device_Library/Core/Src/usbd_core.o
 .debug_abbrev  0x0000000000001f47      0x2a0 Middlewares/ST/STM32_USB_Device_Library/Core/Src/usbd_ctlreq.o
 .debug_abbrev  0x00000000000021e7      0x1e0 Middlewares/ST/STM32_USB_Device_Library/Core/Src/usbd_ioreq.o
 .debug_abbrev  0x00000000000023c7      0x1be USB_DEVICE/App/usb_device.o
 .debug_abbrev  0x0000000000002585      0x285 USB_DEVICE/App/usbd_cdc_if.o
 .debug_abbrev  0x000000000000280a      0x290 USB_DEVICE/App/usbd_desc.o
 .debug_abbrev  0x0000000000002a9a      0x2db USB_DEVICE/Target/usbd_conf.o

.debug_aranges  0x0000000000000000      0xb90
 .debug_aranges
                0x0000000000000000       0x48 Core/Src/main.o
 .debug_aranges
                0x0000000000000048       0x30 Core/Src/stm32f1xx_hal_msp.o
 .debug_aranges
                0x0000000000000078       0x68 Core/Src/stm32f1xx_it.o
 .debug_aranges
                0x00000000000000e0       0x20 Core/Src/sysmem.o
 .debug_aranges
                0x0000000000000100       0x28 Core/Src/system_stm32f1xx.o
 .debug_aranges
                0x0000000000000128       0x28 Core/Startup/startup_stm32f103c8tx.o
 .debug_aranges
                0x0000000000000150       0xe0 Drivers/STM32F1xx_HAL_Driver/Src/stm32f1xx_hal.o
 .debug_aranges
                0x0000000000000230       0xf0 Drivers/STM32F1xx_HAL_Driver/Src/stm32f1xx_hal_adc.o
 .debug_aranges
                0x0000000000000320      0x100 Drivers/STM32F1xx_HAL_Driver/Src/stm32f1xx_hal_cortex.o
 .debug_aranges
                0x0000000000000420       0x58 Drivers/STM32F1xx_HAL_Driver/Src/stm32f1xx_hal_gpio.o
 .debug_aranges
                0x0000000000000478      0x138 Drivers/STM32F1xx_HAL_Driver/Src/stm32f1xx_hal_pcd.o
 .debug_aranges
                0x00000000000005b0       0x38 Drivers/STM32F1xx_HAL_Driver/Src/stm32f1xx_hal_pcd_ex.o
 .debug_aranges
                0x00000000000005e8       0x90 Drivers/STM32F1xx_HAL_Driver/Src/stm32f1xx_hal_rcc.o
 .debug_aranges
                0x0000000000000678       0x30 Drivers/STM32F1xx_HAL_Driver/Src/stm32f1xx_hal_rcc_ex.o
 .debug_aranges
                0x00000000000006a8       0xf0 Drivers/STM32F1xx_HAL_Driver/Src/stm32f1xx_ll_usb.o
 .debug_aranges
                0x0000000000000798       0x90 Middlewares/ST/STM32_USB_Device_Library/Class/CDC/Src/usbd_cdc.o
 .debug_aranges
                0x0000000000000828       0xb8 Middlewares/ST/STM32_USB_Device_Library/Core/Src/usbd_core.o
 .debug_aranges
                0x00000000000008e0       0x88 Middlewares/ST/STM32_USB_Device_Library/Core/Src/usbd_ctlreq.o
 .debug_aranges
                0x0000000000000968       0x50 Middlewares/ST/STM32_USB_Device_Library/Core/Src/usbd_ioreq.o
 .debug_aranges
                0x00000000000009b8       0x20 USB_DEVICE/App/usb_device.o
 .debug_aranges
                0x00000000000009d8       0x40 USB_DEVICE/App/usbd_cdc_if.o
 .debug_aranges
                0x0000000000000a18       0x60 USB_DEVICE/App/usbd_desc.o
 .debug_aranges
                0x0000000000000a78      0x118 USB_DEVICE/Target/usbd_conf.o

.debug_ranges   0x0000000000000000      0xa28
 .debug_ranges  0x0000000000000000       0x38 Core/Src/main.o
 .debug_ranges  0x0000000000000038       0x20 Core/Src/stm32f1xx_hal_msp.o
 .debug_ranges  0x0000000000000058       0x58 Core/Src/stm32f1xx_it.o
 .debug_ranges  0x00000000000000b0       0x10 Core/Src/sysmem.o
 .debug_ranges  0x00000000000000c0       0x18 Core/Src/system_stm32f1xx.o
 .debug_ranges  0x00000000000000d8       0x20 Core/Startup/startup_stm32f103c8tx.o
 .debug_ranges  0x00000000000000f8       0xd0 Drivers/STM32F1xx_HAL_Driver/Src/stm32f1xx_hal.o
 .debug_ranges  0x00000000000001c8       0xe0 Drivers/STM32F1xx_HAL_Driver/Src/stm32f1xx_hal_adc.o
 .debug_ranges  0x00000000000002a8       0xf0 Drivers/STM32F1xx_HAL_Driver/Src/stm32f1xx_hal_cortex.o
 .debug_ranges  0x0000000000000398       0x48 Drivers/STM32F1xx_HAL_Driver/Src/stm32f1xx_hal_gpio.o
 .debug_ranges  0x00000000000003e0      0x128 Drivers/STM32F1xx_HAL_Driver/Src/stm32f1xx_hal_pcd.o
 .debug_ranges  0x0000000000000508       0x28 Drivers/STM32F1xx_HAL_Driver/Src/stm32f1xx_hal_pcd_ex.o
 .debug_ranges  0x0000000000000530       0x80 Drivers/STM32F1xx_HAL_Driver/Src/stm32f1xx_hal_rcc.o
 .debug_ranges  0x00000000000005b0       0x20 Drivers/STM32F1xx_HAL_Driver/Src/stm32f1xx_hal_rcc_ex.o
 .debug_ranges  0x00000000000005d0       0xe0 Drivers/STM32F1xx_HAL_Driver/Src/stm32f1xx_ll_usb.o
 .debug_ranges  0x00000000000006b0       0x80 Middlewares/ST/STM32_USB_Device_Library/Class/CDC/Src/usbd_cdc.o
 .debug_ranges  0x0000000000000730       0xa8 Middlewares/ST/STM32_USB_Device_Library/Core/Src/usbd_core.o
 .debug_ranges  0x00000000000007d8       0x78 Middlewares/ST/STM32_USB_Device_Library/Core/Src/usbd_ctlreq.o
 .debug_ranges  0x0000000000000850       0x40 Middlewares/ST/STM32_USB_Device_Library/Core/Src/usbd_ioreq.o
 .debug_ranges  0x0000000000000890       0x10 USB_DEVICE/App/usb_device.o
 .debug_ranges  0x00000000000008a0       0x30 USB_DEVICE/App/usbd_cdc_if.o
 .debug_ranges  0x00000000000008d0       0x50 USB_DEVICE/App/usbd_desc.o
 .debug_ranges  0x0000000000000920      0x108 USB_DEVICE/Target/usbd_conf.o

.debug_macro    0x0000000000000000    0x1a2f3
 .debug_macro   0x0000000000000000      0x3fd Core/Src/main.o
 .debug_macro   0x00000000000003fd      0xa5a Core/Src/main.o
 .debug_macro   0x0000000000000e57      0x21b Core/Src/main.o
 .debug_macro   0x0000000000001072       0x2e Core/Src/main.o
 .debug_macro   0x00000000000010a0       0x22 Core/Src/main.o
 .debug_macro   0x00000000000010c2       0x22 Core/Src/main.o
 .debug_macro   0x00000000000010e4       0x8e Core/Src/main.o
 .debug_macro   0x0000000000001172       0x51 Core/Src/main.o
 .debug_macro   0x00000000000011c3       0xef Core/Src/main.o
 .debug_macro   0x00000000000012b2       0x6a Core/Src/main.o
 .debug_macro   0x000000000000131c      0x1df Core/Src/main.o
 .debug_macro   0x00000000000014fb       0x1c Core/Src/main.o
 .debug_macro   0x0000000000001517       0x22 Core/Src/main.o
 .debug_macro   0x0000000000001539       0xc3 Core/Src/main.o
 .debug_macro   0x00000000000015fc      0xd23 Core/Src/main.o
 .debug_macro   0x000000000000231f     0xe09e Core/Src/main.o
 .debug_macro   0x00000000000103bd       0x6d Core/Src/main.o
 .debug_macro   0x000000000001042a     0x3468 Core/Src/main.o
 .debug_macro   0x0000000000013892      0x174 Core/Src/main.o
 .debug_macro   0x0000000000013a06       0x5c Core/Src/main.o
 .debug_macro   0x0000000000013a62      0x5be Core/Src/main.o
 .debug_macro   0x0000000000014020      0x289 Core/Src/main.o
 .debug_macro   0x00000000000142a9      0x1cb Core/Src/main.o
 .debug_macro   0x0000000000014474      0x114 Core/Src/main.o
 .debug_macro   0x0000000000014588      0x1b2 Core/Src/main.o
 .debug_macro   0x000000000001473a       0x27 Core/Src/main.o
 .debug_macro   0x0000000000014761      0x136 Core/Src/main.o
 .debug_macro   0x0000000000014897      0x1bc Core/Src/main.o
 .debug_macro   0x0000000000014a53       0x34 Core/Src/main.o
 .debug_macro   0x0000000000014a87       0x3c Core/Src/main.o
 .debug_macro   0x0000000000014ac3       0x57 Core/Src/main.o
 .debug_macro   0x0000000000014b1a      0x46a Core/Src/main.o
 .debug_macro   0x0000000000014f84      0x1b5 Core/Src/main.o
 .debug_macro   0x0000000000015139       0x88 Core/Src/main.o
 .debug_macro   0x00000000000151c1      0x241 Core/Src/main.o
 .debug_macro   0x0000000000015402      0x141 Core/Src/main.o
 .debug_macro   0x0000000000015543       0x65 Core/Src/main.o
 .debug_macro   0x00000000000155a8      0x249 Core/Src/main.o
 .debug_macro   0x00000000000157f1       0x83 Core/Src/main.o
 .debug_macro   0x0000000000015874       0x1c Core/Src/main.o
 .debug_macro   0x0000000000015890       0x46 Core/Src/main.o
 .debug_macro   0x00000000000158d6       0x18 Core/Src/main.o
 .debug_macro   0x00000000000158ee       0x3c Core/Src/main.o
 .debug_macro   0x000000000001592a       0x34 Core/Src/main.o
 .debug_macro   0x000000000001595e       0x16 Core/Src/main.o
 .debug_macro   0x0000000000015974       0x35 Core/Src/main.o
 .debug_macro   0x00000000000159a9      0x32a Core/Src/main.o
 .debug_macro   0x0000000000015cd3       0x10 Core/Src/main.o
 .debug_macro   0x0000000000015ce3       0x52 Core/Src/main.o
 .debug_macro   0x0000000000015d35       0x1f Core/Src/main.o
 .debug_macro   0x0000000000015d54       0x43 Core/Src/main.o
 .debug_macro   0x0000000000015d97       0x20 Core/Src/main.o
 .debug_macro   0x0000000000015db7      0x1a3 Core/Src/main.o
 .debug_macro   0x0000000000015f5a       0x10 Core/Src/main.o
 .debug_macro   0x0000000000015f6a       0x1c Core/Src/main.o
 .debug_macro   0x0000000000015f86       0x52 Core/Src/main.o
 .debug_macro   0x0000000000015fd8       0x40 Core/Src/main.o
 .debug_macro   0x0000000000016018       0x10 Core/Src/main.o
 .debug_macro   0x0000000000016028       0x40 Core/Src/main.o
 .debug_macro   0x0000000000016068       0xd7 Core/Src/main.o
 .debug_macro   0x000000000001613f       0x1c Core/Src/main.o
 .debug_macro   0x000000000001615b       0x3d Core/Src/main.o
 .debug_macro   0x0000000000016198       0x16 Core/Src/main.o
 .debug_macro   0x00000000000161ae      0x145 Core/Src/main.o
 .debug_macro   0x00000000000162f3       0x16 Core/Src/main.o
 .debug_macro   0x0000000000016309       0x16 Core/Src/main.o
 .debug_macro   0x000000000001631f       0x29 Core/Src/main.o
 .debug_macro   0x0000000000016348       0x16 Core/Src/main.o
 .debug_macro   0x000000000001635e       0x20 Core/Src/main.o
 .debug_macro   0x000000000001637e       0x60 Core/Src/main.o
 .debug_macro   0x00000000000163de      0x1c8 Core/Src/main.o
 .debug_macro   0x00000000000165a6       0x8f Core/Src/main.o
 .debug_macro   0x0000000000016635       0x10 Core/Src/main.o
 .debug_macro   0x0000000000016645      0x1cb Core/Src/stm32f1xx_hal_msp.o
 .debug_macro   0x0000000000016810      0x1d5 Core/Src/stm32f1xx_it.o
 .debug_macro   0x00000000000169e5       0xee Core/Src/sysmem.o
 .debug_macro   0x0000000000016ad3      0x23b Core/Src/sysmem.o
 .debug_macro   0x0000000000016d0e      0x1bc Core/Src/system_stm32f1xx.o
 .debug_macro   0x0000000000016eca      0x1e0 Drivers/STM32F1xx_HAL_Driver/Src/stm32f1xx_hal.o
 .debug_macro   0x00000000000170aa      0x1d9 Drivers/STM32F1xx_HAL_Driver/Src/stm32f1xx_hal_adc.o
 .debug_macro   0x0000000000017283      0x1bc Drivers/STM32F1xx_HAL_Driver/Src/stm32f1xx_hal_cortex.o
 .debug_macro   0x000000000001743f      0x227 Drivers/STM32F1xx_HAL_Driver/Src/stm32f1xx_hal_gpio.o
 .debug_macro   0x0000000000017666      0x1c8 Drivers/STM32F1xx_HAL_Driver/Src/stm32f1xx_hal_pcd.o
 .debug_macro   0x000000000001782e      0x1bc Drivers/STM32F1xx_HAL_Driver/Src/stm32f1xx_hal_pcd_ex.o
 .debug_macro   0x00000000000179ea      0x1ce Drivers/STM32F1xx_HAL_Driver/Src/stm32f1xx_hal_rcc.o
 .debug_macro   0x0000000000017bb8      0x1bc Drivers/STM32F1xx_HAL_Driver/Src/stm32f1xx_hal_rcc_ex.o
 .debug_macro   0x0000000000017d74      0x1bc Drivers/STM32F1xx_HAL_Driver/Src/stm32f1xx_ll_usb.o
 .debug_macro   0x0000000000017f30      0x3d8 Middlewares/ST/STM32_USB_Device_Library/Class/CDC/Src/usbd_cdc.o
 .debug_macro   0x0000000000018308       0x97 Middlewares/ST/STM32_USB_Device_Library/Class/CDC/Src/usbd_cdc.o
 .debug_macro   0x000000000001839f       0xfd Middlewares/ST/STM32_USB_Device_Library/Class/CDC/Src/usbd_cdc.o
 .debug_macro   0x000000000001849c       0xbd Middlewares/ST/STM32_USB_Device_Library/Class/CDC/Src/usbd_cdc.o
 .debug_macro   0x0000000000018559       0x56 Middlewares/ST/STM32_USB_Device_Library/Class/CDC/Src/usbd_cdc.o
 .debug_macro   0x00000000000185af      0x3bf Middlewares/ST/STM32_USB_Device_Library/Core/Src/usbd_core.o
 .debug_macro   0x000000000001896e      0x1ce Middlewares/ST/STM32_USB_Device_Library/Core/Src/usbd_core.o
 .debug_macro   0x0000000000018b3c      0x3c9 Middlewares/ST/STM32_USB_Device_Library/Core/Src/usbd_ctlreq.o
 .debug_macro   0x0000000000018f05      0x3c5 Middlewares/ST/STM32_USB_Device_Library/Core/Src/usbd_ioreq.o
 .debug_macro   0x00000000000192ca      0x3f8 USB_DEVICE/App/usb_device.o
 .debug_macro   0x00000000000196c2       0x22 USB_DEVICE/App/usb_device.o
 .debug_macro   0x00000000000196e4       0x22 USB_DEVICE/App/usb_device.o
 .debug_macro   0x0000000000019706       0x16 USB_DEVICE/App/usb_device.o
 .debug_macro   0x000000000001971c      0x3e3 USB_DEVICE/App/usbd_cdc_if.o
 .debug_macro   0x0000000000019aff      0x3fc USB_DEVICE/App/usbd_desc.o
 .debug_macro   0x0000000000019efb       0x1c USB_DEVICE/App/usbd_desc.o
 .debug_macro   0x0000000000019f17      0x3dc USB_DEVICE/Target/usbd_conf.o

.debug_line     0x0000000000000000     0xd4e3
 .debug_line    0x0000000000000000      0xa95 Core/Src/main.o
 .debug_line    0x0000000000000a95      0x6d3 Core/Src/stm32f1xx_hal_msp.o
 .debug_line    0x0000000000001168      0x760 Core/Src/stm32f1xx_it.o
 .debug_line    0x00000000000018c8      0x4c7 Core/Src/sysmem.o
 .debug_line    0x0000000000001d8f      0x6ce Core/Src/system_stm32f1xx.o
 .debug_line    0x000000000000245d       0x87 Core/Startup/startup_stm32f103c8tx.o
 .debug_line    0x00000000000024e4      0x881 Drivers/STM32F1xx_HAL_Driver/Src/stm32f1xx_hal.o
 .debug_line    0x0000000000002d65      0xbd6 Drivers/STM32F1xx_HAL_Driver/Src/stm32f1xx_hal_adc.o
 .debug_line    0x000000000000393b      0x958 Drivers/STM32F1xx_HAL_Driver/Src/stm32f1xx_hal_cortex.o
 .debug_line    0x0000000000004293      0x87d Drivers/STM32F1xx_HAL_Driver/Src/stm32f1xx_hal_gpio.o
 .debug_line    0x0000000000004b10      0xd46 Drivers/STM32F1xx_HAL_Driver/Src/stm32f1xx_hal_pcd.o
 .debug_line    0x0000000000005856      0x6f2 Drivers/STM32F1xx_HAL_Driver/Src/stm32f1xx_hal_pcd_ex.o
 .debug_line    0x0000000000005f48      0x941 Drivers/STM32F1xx_HAL_Driver/Src/stm32f1xx_hal_rcc.o
 .debug_line    0x0000000000006889      0x75f Drivers/STM32F1xx_HAL_Driver/Src/stm32f1xx_hal_rcc_ex.o
 .debug_line    0x0000000000006fe8      0xd97 Drivers/STM32F1xx_HAL_Driver/Src/stm32f1xx_ll_usb.o
 .debug_line    0x0000000000007d7f      0xb5d Middlewares/ST/STM32_USB_Device_Library/Class/CDC/Src/usbd_cdc.o
 .debug_line    0x00000000000088dc      0xb98 Middlewares/ST/STM32_USB_Device_Library/Core/Src/usbd_core.o
 .debug_line    0x0000000000009474      0xc21 Middlewares/ST/STM32_USB_Device_Library/Core/Src/usbd_ctlreq.o
 .debug_line    0x000000000000a095      0xa01 Middlewares/ST/STM32_USB_Device_Library/Core/Src/usbd_ioreq.o
 .debug_line    0x000000000000aa96      0x9e3 USB_DEVICE/App/usb_device.o
 .debug_line    0x000000000000b479      0xa16 USB_DEVICE/App/usbd_cdc_if.o
 .debug_line    0x000000000000be8f      0xa35 USB_DEVICE/App/usbd_desc.o
 .debug_line    0x000000000000c8c4      0xc1f USB_DEVICE/Target/usbd_conf.o

.debug_str      0x0000000000000000    0x8a1a2
 .debug_str     0x0000000000000000    0x872f6 Core/Src/main.o
                                      0x87805 (size before relaxing)
 .debug_str     0x00000000000872f6       0x81 Core/Src/stm32f1xx_hal_msp.o
                                      0x82286 (size before relaxing)
 .debug_str     0x0000000000087377      0x39e Core/Src/stm32f1xx_it.o
                                      0x822a7 (size before relaxing)
 .debug_str     0x0000000000087715      0x4e9 Core/Src/sysmem.o
                                       0x5f32 (size before relaxing)
 .debug_str     0x0000000000087bfe       0x52 Core/Src/system_stm32f1xx.o
                                      0x81e97 (size before relaxing)
 .debug_str     0x0000000000087c50       0x36 Core/Startup/startup_stm32f103c8tx.o
                                         0x62 (size before relaxing)
 .debug_str     0x0000000000087c86      0x55e Drivers/STM32F1xx_HAL_Driver/Src/stm32f1xx_hal.o
                                      0x82528 (size before relaxing)
 .debug_str     0x00000000000881e4      0x35e Drivers/STM32F1xx_HAL_Driver/Src/stm32f1xx_hal_adc.o
                                      0x82527 (size before relaxing)
 .debug_str     0x0000000000088542      0x2d8 Drivers/STM32F1xx_HAL_Driver/Src/stm32f1xx_hal_cortex.o
                                      0x82530 (size before relaxing)
 .debug_str     0x000000000008881a      0x340 Drivers/STM32F1xx_HAL_Driver/Src/stm32f1xx_hal_gpio.o
                                      0x8225b (size before relaxing)
 .debug_str     0x0000000000088b5a      0x3e5 Drivers/STM32F1xx_HAL_Driver/Src/stm32f1xx_hal_pcd.o
                                      0x825ea (size before relaxing)
 .debug_str     0x0000000000088f3f      0x18d Drivers/STM32F1xx_HAL_Driver/Src/stm32f1xx_hal_pcd_ex.o
                                      0x82337 (size before relaxing)
 .debug_str     0x00000000000890cc      0x24f Drivers/STM32F1xx_HAL_Driver/Src/stm32f1xx_hal_rcc.o
                                      0x82294 (size before relaxing)
 .debug_str     0x000000000008931b       0xb9 Drivers/STM32F1xx_HAL_Driver/Src/stm32f1xx_hal_rcc_ex.o
                                      0x82021 (size before relaxing)
 .debug_str     0x00000000000893d4      0x2ad Drivers/STM32F1xx_HAL_Driver/Src/stm32f1xx_ll_usb.o
                                      0x8236a (size before relaxing)
 .debug_str     0x0000000000089681      0x293 Middlewares/ST/STM32_USB_Device_Library/Class/CDC/Src/usbd_cdc.o
                                      0x876fd (size before relaxing)
 .debug_str     0x0000000000089914      0x1b5 Middlewares/ST/STM32_USB_Device_Library/Core/Src/usbd_core.o
                                      0x86ff8 (size before relaxing)
 .debug_str     0x0000000000089ac9      0x134 Middlewares/ST/STM32_USB_Device_Library/Core/Src/usbd_ctlreq.o
                                      0x86f7e (size before relaxing)
 .debug_str     0x0000000000089bfd       0xc9 Middlewares/ST/STM32_USB_Device_Library/Core/Src/usbd_ioreq.o
                                      0x86f06 (size before relaxing)
 .debug_str     0x0000000000089cc6       0xb5 USB_DEVICE/App/usb_device.o
                                      0x8726d (size before relaxing)
 .debug_str     0x0000000000089d7b       0x86 USB_DEVICE/App/usbd_cdc_if.o
                                      0x872a5 (size before relaxing)
 .debug_str     0x0000000000089e01      0x258 USB_DEVICE/App/usbd_desc.o
                                      0x86e71 (size before relaxing)
 .debug_str     0x000000000008a059      0x149 USB_DEVICE/Target/usbd_conf.o
                                      0x87b23 (size before relaxing)

.comment        0x0000000000000000       0x7b
 .comment       0x0000000000000000       0x7b Core/Src/main.o
                                         0x7c (size before relaxing)
 .comment       0x000000000000007b       0x7c Core/Src/stm32f1xx_hal_msp.o
 .comment       0x000000000000007b       0x7c Core/Src/stm32f1xx_it.o
 .comment       0x000000000000007b       0x7c Core/Src/sysmem.o
 .comment       0x000000000000007b       0x7c Core/Src/system_stm32f1xx.o
 .comment       0x000000000000007b       0x7c Drivers/STM32F1xx_HAL_Driver/Src/stm32f1xx_hal.o
 .comment       0x000000000000007b       0x7c Drivers/STM32F1xx_HAL_Driver/Src/stm32f1xx_hal_adc.o
 .comment       0x000000000000007b       0x7c Drivers/STM32F1xx_HAL_Driver/Src/stm32f1xx_hal_cortex.o
 .comment       0x000000000000007b       0x7c Drivers/STM32F1xx_HAL_Driver/Src/stm32f1xx_hal_gpio.o
 .comment       0x000000000000007b       0x7c Drivers/STM32F1xx_HAL_Driver/Src/stm32f1xx_hal_pcd.o
 .comment       0x000000000000007b       0x7c Drivers/STM32F1xx_HAL_Driver/Src/stm32f1xx_hal_pcd_ex.o
 .comment       0x000000000000007b       0x7c Drivers/STM32F1xx_HAL_Driver/Src/stm32f1xx_hal_rcc.o
 .comment       0x000000000000007b       0x7c Drivers/STM32F1xx_HAL_Driver/Src/stm32f1xx_hal_rcc_ex.o